Component: ARM Compiler 5.05 update 1 (build 106) Tool: armlink [4d0efa]

==============================================================================

Section Cross References

    startup_stm32f407xx.o(RESET) refers to startup_stm32f407xx.o(STACK) for __initial_sp
    startup_stm32f407xx.o(RESET) refers to startup_stm32f407xx.o(.text) for Reset_Handler
    startup_stm32f407xx.o(RESET) refers to stm32f4xx_it.o(i.SysTick_Handler) for SysTick_Handler
    startup_stm32f407xx.o(RESET) refers to stm32f4xx_it.o(i.EXTI1_IRQHandler) for EXTI1_IRQHandler
    startup_stm32f407xx.o(RESET) refers to stm32f4xx_it.o(i.DMA1_Stream1_IRQHandler) for DMA1_Stream1_IRQHandler
    startup_stm32f407xx.o(RESET) refers to stm32f4xx_it.o(i.DMA1_Stream2_IRQHandler) for DMA1_Stream2_IRQHandler
    startup_stm32f407xx.o(RESET) refers to stm32f4xx_it.o(i.DMA1_Stream5_IRQHandler) for DMA1_Stream5_IRQHandler
    startup_stm32f407xx.o(RESET) refers to stm32f4xx_it.o(i.EXTI9_5_IRQHandler) for EXTI9_5_IRQHandler
    startup_stm32f407xx.o(RESET) refers to stm32f4xx_it.o(i.TIM3_IRQHandler) for TIM3_IRQHandler
    startup_stm32f407xx.o(RESET) refers to stm32f4xx_it.o(i.I2C1_EV_IRQHandler) for I2C1_EV_IRQHandler
    startup_stm32f407xx.o(RESET) refers to stm32f4xx_it.o(i.DMA2_Stream2_IRQHandler) for DMA2_Stream2_IRQHandler
    startup_stm32f407xx.o(.text) refers to system_stm32f4xx.o(i.SystemInit) for SystemInit
    startup_stm32f407xx.o(.text) refers to entry.o(.ARM.Collect$$$$00000000) for __main
    stm32f4xx_hal.o(i.HAL_DeInit) refers to stm32f4xx_hal.o(i.HAL_MspDeInit) for HAL_MspDeInit
    stm32f4xx_hal.o(i.HAL_Delay) refers to stm32f4xx_hal.o(i.HAL_GetTick) for HAL_GetTick
    stm32f4xx_hal.o(i.HAL_GetTick) refers to stm32f4xx_hal.o(.data) for .data
    stm32f4xx_hal.o(i.HAL_IncTick) refers to stm32f4xx_hal.o(.data) for .data
    stm32f4xx_hal.o(i.HAL_Init) refers to stm32f4xx_hal_cortex.o(i.HAL_NVIC_SetPriorityGrouping) for HAL_NVIC_SetPriorityGrouping
    stm32f4xx_hal.o(i.HAL_Init) refers to stm32f4xx_hal.o(i.HAL_InitTick) for HAL_InitTick
    stm32f4xx_hal.o(i.HAL_Init) refers to stm32f4xx_hal_msp.o(i.HAL_MspInit) for HAL_MspInit
    stm32f4xx_hal.o(i.HAL_InitTick) refers to stm32f4xx_hal_rcc.o(i.HAL_RCC_GetHCLKFreq) for HAL_RCC_GetHCLKFreq
    stm32f4xx_hal.o(i.HAL_InitTick) refers to stm32f4xx_hal_cortex.o(i.HAL_SYSTICK_Config) for HAL_SYSTICK_Config
    stm32f4xx_hal.o(i.HAL_InitTick) refers to stm32f4xx_hal_cortex.o(i.HAL_NVIC_SetPriority) for HAL_NVIC_SetPriority
    stm32f4xx_hal_i2c.o(i.HAL_I2C_DeInit) refers to stm32f4xx_hal_msp.o(i.HAL_I2C_MspDeInit) for HAL_I2C_MspDeInit
    stm32f4xx_hal_i2c.o(i.HAL_I2C_ER_IRQHandler) refers to stm32f4xx_hal_i2c.o(i.HAL_I2C_ErrorCallback) for HAL_I2C_ErrorCallback
    stm32f4xx_hal_i2c.o(i.HAL_I2C_ER_IRQHandler) refers to stm32f4xx_hal_i2c.o(i.I2C_WaitOnFlagUntilTimeout) for I2C_WaitOnFlagUntilTimeout
    stm32f4xx_hal_i2c.o(i.HAL_I2C_ER_IRQHandler) refers to stm32f4xx_hal_i2c.o(i.HAL_I2C_SlaveTxCpltCallback) for HAL_I2C_SlaveTxCpltCallback
    stm32f4xx_hal_i2c.o(i.HAL_I2C_EV_IRQHandler) refers to stm32f4xx_hal_i2c.o(i.I2C_MasterTransmit_BTF) for I2C_MasterTransmit_BTF
    stm32f4xx_hal_i2c.o(i.HAL_I2C_EV_IRQHandler) refers to stm32f4xx_hal_i2c.o(i.I2C_MasterReceive_BTF) for I2C_MasterReceive_BTF
    stm32f4xx_hal_i2c.o(i.HAL_I2C_EV_IRQHandler) refers to stm32f4xx_hal_i2c.o(i.I2C_MasterReceive_RXNE) for I2C_MasterReceive_RXNE
    stm32f4xx_hal_i2c.o(i.HAL_I2C_EV_IRQHandler) refers to stm32f4xx_hal_i2c.o(i.I2C_WaitOnFlagUntilTimeout) for I2C_WaitOnFlagUntilTimeout
    stm32f4xx_hal_i2c.o(i.HAL_I2C_EV_IRQHandler) refers to stm32f4xx_hal_i2c.o(i.HAL_I2C_SlaveRxCpltCallback) for HAL_I2C_SlaveRxCpltCallback
    stm32f4xx_hal_i2c.o(i.HAL_I2C_Init) refers to stm32f4xx_hal_msp.o(i.HAL_I2C_MspInit) for HAL_I2C_MspInit
    stm32f4xx_hal_i2c.o(i.HAL_I2C_Init) refers to stm32f4xx_hal_rcc.o(i.HAL_RCC_GetPCLK1Freq) for HAL_RCC_GetPCLK1Freq
    stm32f4xx_hal_i2c.o(i.HAL_I2C_IsDeviceReady) refers to stm32f4xx_hal_i2c.o(i.I2C_WaitOnFlagUntilTimeout) for I2C_WaitOnFlagUntilTimeout
    stm32f4xx_hal_i2c.o(i.HAL_I2C_IsDeviceReady) refers to stm32f4xx_hal.o(i.HAL_GetTick) for HAL_GetTick
    stm32f4xx_hal_i2c.o(i.HAL_I2C_Master_Receive) refers to stm32f4xx_hal_i2c.o(i.I2C_MasterRequestRead) for I2C_MasterRequestRead
    stm32f4xx_hal_i2c.o(i.HAL_I2C_Master_Receive) refers to stm32f4xx_hal_i2c.o(i.I2C_WaitOnFlagUntilTimeout) for I2C_WaitOnFlagUntilTimeout
    stm32f4xx_hal_i2c.o(i.HAL_I2C_Master_Receive_DMA) refers to stm32f4xx_hal_dma.o(i.HAL_DMA_Start_IT) for HAL_DMA_Start_IT
    stm32f4xx_hal_i2c.o(i.HAL_I2C_Master_Receive_DMA) refers to stm32f4xx_hal_i2c.o(i.I2C_MasterRequestRead) for I2C_MasterRequestRead
    stm32f4xx_hal_i2c.o(i.HAL_I2C_Master_Receive_DMA) refers to stm32f4xx_hal_i2c.o(i.I2C_DMAMasterReceiveCplt) for I2C_DMAMasterReceiveCplt
[...]
    i.HAL_RCC_GetSysClockFreq                0x08002858   Section        0  stm32f4xx_hal_rcc.o(i.HAL_RCC_GetSysClockFreq)
    i.HAL_RCC_OscConfig                      0x080028cc   Section        0  stm32f4xx_hal_rcc.o(i.HAL_RCC_OscConfig)
    i.HAL_SYSTICK_Callback                   0x08002c00   Section        0  stm32f4xx_hal_cortex.o(i.HAL_SYSTICK_Callback)
    i.HAL_SYSTICK_Config                     0x08002c02   Section        0  stm32f4xx_hal_cortex.o(i.HAL_SYSTICK_Config)
    i.HAL_SYSTICK_IRQHandler                 0x08002c2a   Section        0  stm32f4xx_hal_cortex.o(i.HAL_SYSTICK_IRQHandler)
    i.HAL_TIMEx_BreakCallback                0x08002c32   Section        0  stm32f4xx_hal_tim_ex.o(i.HAL_TIMEx_BreakCallback)
    i.HAL_TIMEx_CommutationCallback          0x08002c34   Section        0  stm32f4xx_hal_tim_ex.o(i.HAL_TIMEx_CommutationCallback)
    i.HAL_TIMEx_MasterConfigSynchronization  0x08002c36   Section        0  stm32f4xx_hal_tim_ex.o(i.HAL_TIMEx_MasterConfigSynchronization)
    i.HAL_TIM_Base_Init                      0x08002c86   Section        0  stm32f4xx_hal_tim.o(i.HAL_TIM_Base_Init)
    i.HAL_TIM_Base_MspInit                   0x08002cb8   Section        0  stm32f4xx_hal_msp.o(i.HAL_TIM_Base_MspInit)
    i.HAL_TIM_Base_Start                     0x08002d20   Section        0  stm32f4xx_hal_tim.o(i.HAL_TIM_Base_Start)
    i.HAL_TIM_Base_Start_IT                  0x08002d3a   Section        0  stm32f4xx_hal_tim.o(i.HAL_TIM_Base_Start_IT)
    i.HAL_TIM_ConfigClockSource              0x08002d52   Section        0  stm32f4xx_hal_tim.o(i.HAL_TIM_ConfigClockSource)
    i.HAL_TIM_IC_CaptureCallback             0x08002e44   Section        0  stm32f4xx_hal_tim.o(i.HAL_TIM_IC_CaptureCallback)
    i.HAL_TIM_IRQHandler                     0x08002e46   Section        0  stm32f4xx_hal_tim.o(i.HAL_TIM_IRQHandler)
    i.HAL_TIM_OC_ConfigChannel               0x08002fac   Section        0  stm32f4xx_hal_tim.o(i.HAL_TIM_OC_ConfigChannel)
    i.HAL_TIM_OC_DelayElapsedCallback        0x08003004   Section        0  main.o(i.HAL_TIM_OC_DelayElapsedCallback)
    i.HAL_TIM_OC_Init                        0x0800302c   Section        0  stm32f4xx_hal_tim.o(i.HAL_TIM_OC_Init)
    i.HAL_TIM_OC_MspInit                     0x0800305c   Section        0  stm32f4xx_hal_tim.o(i.HAL_TIM_OC_MspInit)
    i.HAL_TIM_OC_Start_IT                    0x08003060   Section        0  stm32f4xx_hal_tim.o(i.HAL_TIM_OC_Start_IT)
    i.HAL_TIM_PWM_PulseFinishedCallback      0x080030cc   Section        0  stm32f4xx_hal_tim.o(i.HAL_TIM_PWM_PulseFinishedCallback)
    i.HAL_TIM_PeriodElapsedCallback          0x080030ce   Section        0  stm32f4xx_hal_tim.o(i.HAL_TIM_PeriodElapsedCallback)
    i.HAL_TIM_TriggerCallback                0x080030d0   Section        0  stm32f4xx_hal_tim.o(i.HAL_TIM_TriggerCallback)
    i.HAL_UART_DMAStop                       0x080030d2   Section        0  stm32f4xx_hal_uart.o(i.HAL_UART_DMAStop)
    i.HAL_UART_ErrorCallback                 0x08003104   Section        0  stm32f4xx_hal_uart.o(i.HAL_UART_ErrorCallback)
    i.HAL_UART_Init                          0x08003106   Section        0  stm32f4xx_hal_uart.o(i.HAL_UART_Init)
    i.HAL_UART_MspInit                       0x08003160   Section        0  stm32f4xx_hal_msp.o(i.HAL_UART_MspInit)
    i.HAL_UART_Receive_DMA                   0x08003310   Section        0  stm32f4xx_hal_uart.o(i.HAL_UART_Receive_DMA)
    i.HAL_UART_RxCpltCallback                0x08003398   Section        0  main.o(i.HAL_UART_RxCpltCallback)
    i.HAL_UART_RxHalfCpltCallback            0x080033e4   Section        0  stm32f4xx_hal_uart.o(i.HAL_UART_RxHalfCpltCallback)
    i.HAL_UART_Transmit                      0x080033e8   Section        0  stm32f4xx_hal_uart.o(i.HAL_UART_Transmit)
    i.I2C1_EV_IRQHandler                     0x080034b4   Section        0  stm32f4xx_it.o(i.I2C1_EV_IRQHandler)
    i.I2C_MasterReceive_BTF                  0x080034c0   Section        0  stm32f4xx_hal_i2c.o(i.I2C_MasterReceive_BTF)
    I2C_MasterReceive_BTF                    0x080034c1   Thumb Code   160  stm32f4xx_hal_i2c.o(i.I2C_MasterReceive_BTF)
    i.I2C_MasterReceive_RXNE                 0x08003564   Section        0  stm32f4xx_hal_i2c.o(i.I2C_MasterReceive_RXNE)
    I2C_MasterReceive_RXNE                   0x08003565   Thumb Code   132  stm32f4xx_hal_i2c.o(i.I2C_MasterReceive_RXNE)
    i.I2C_MasterTransmit_BTF                 0x080035ec   Section        0  stm32f4xx_hal_i2c.o(i.I2C_MasterTransmit_BTF)
    I2C_MasterTransmit_BTF                   0x080035ed   Thumb Code    94  stm32f4xx_hal_i2c.o(i.I2C_MasterTransmit_BTF)
    i.I2C_RequestMemoryRead                  0x08003650   Section        0  stm32f4xx_hal_i2c.o(i.I2C_RequestMemoryRead)
    I2C_RequestMemoryRead                    0x08003651   Thumb Code   218  stm32f4xx_hal_i2c.o(i.I2C_RequestMemoryRead)
    i.I2C_RequestMemoryWrite                 0x08003730   Section        0  stm32f4xx_hal_i2c.o(i.I2C_RequestMemoryWrite)
    I2C_RequestMemoryWrite                   0x08003731   Thumb Code   140  stm32f4xx_hal_i2c.o(i.I2C_RequestMemoryWrite)
    i.I2C_WaitOnFlagUntilTimeout             0x080037c0   Section        0  stm32f4xx_hal_i2c.o(i.I2C_WaitOnFlagUntilTimeout)
    I2C_WaitOnFlagUntilTimeout               0x080037c1   Thumb Code   138  stm32f4xx_hal_i2c.o(i.I2C_WaitOnFlagUntilTimeout)
    i.I2C_WaitOnMasterAddressFlagUntilTimeout 0x0800384c   Section        0  stm32f4xx_hal_i2c.o(i.I2C_WaitOnMasterAddressFlagUntilTimeout)
    I2C_WaitOnMasterAddressFlagUntilTimeout  0x0800384d   Thumb Code   136  stm32f4xx_hal_i2c.o(i.I2C_WaitOnMasterAddressFlagUntilTimeout)
    i.MX_GPIO_Init                           0x080038d4   Section        0  main.o(i.MX_GPIO_Init)
    MX_GPIO_Init                             0x080038d5   Thumb Code   240  main.o(i.MX_GPIO_Init)
    i.MX_TIM13_Init                          0x080039d8   Section        0  main.o(i.MX_TIM13_Init)
    i.MX_TIM3_Init                           0x08003a2c   Section        0  main.o(i.MX_TIM3_Init)
    MX_TIM3_Init                             0x08003a2d   Thumb Code    88  main.o(i.MX_TIM3_Init)
    i.M_I2C_Init                             0x08003a8c   Section        0  main.o(i.M_I2C_Init)
    i.M_I2C_init                             0x08003b84   Section        0  main.o(i.M_I2C_init)
    i.MahonyAHRSupdateIMU                    0x08003c04   Section        0  imu.o(i.MahonyAHRSupdateIMU)
    i.Mpc_Empty_Data                         0x08003d64   Section        0  mpc.o(i.Mpc_Empty_Data)
    i.Mpc_Fill_Data                          0x08003d98   Section        0  mpc.o(i.Mpc_Fill_Data)
    i.Mpc_Send_Data                          0x08003de8   Section        0  mpc.o(i.Mpc_Send_Data)
    i.Mpc_decode                             0x08003e24   Section        0  mpc.o(i.Mpc_decode)
    i.Mpu_Read                               0x08003f2c   Section        0  mpu6050.o(i.Mpu_Read)
    i.Mpu_Read_acc                           0x08003f4c   Section        0  mpu6050.o(i.Mpu_Read_acc)
    i.Mpu_Read_gyro                          0x0800400c   Section        0  mpu6050.o(i.Mpu_Read_gyro)
    i.Mpu_Write                              0x08004114   Section        0  mpu6050.o(i.Mpu_Write)
    i.Mpu_update                             0x08004130   Section        0  mpu6050.o(i.Mpu_update)
    i.NVIC_SetPriority                       0x08004148   Section        0  stm32f4xx_hal_cortex.o(i.NVIC_SetPriority)
    NVIC_SetPriority                         0x08004149   Thumb Code    32  stm32f4xx_hal_cortex.o(i.NVIC_SetPriority)
    i.Point2Controller                       0x08004168   Section        0  control.o(i.Point2Controller)
    i.Quad_Off                               0x0800416c   Section        0  control.o(i.Quad_Off)
    i.Quad_On                                0x08004194   Section        0  control.o(i.Quad_On)
    i.RC_2_SetPoint                          0x080041bc   Section        0  rc.o(i.RC_2_SetPoint)
    i.RC_Calib                               0x08004528   Section        0  rc.o(i.RC_Calib)
    i.RC_Init                                0x0800465c   Section        0  rc.o(i.RC_Init)
    i.RC_Read_EEPROM                         0x0800466e   Section        0  rc.o(i.RC_Read_EEPROM)
    i.Rc2Controller                          0x080046f4   Section        0  control.o(i.Rc2Controller)
    i.Read_Srf                               0x080046f8   Section        0  altitude.o(i.Read_Srf)
    i.SBUS_Packet_fly_mode                   0x080048a0   Section        0  rc.o(i.SBUS_Packet_fly_mode)
    i.Set_zero_system_state                  0x080049ec   Section        0  control.o(i.Set_zero_system_state)
    i.SysTick_Handler                        0x08004b18   Section        0  stm32f4xx_it.o(i.SysTick_Handler)
    i.SystemClock_Config                     0x08004b28   Section        0  main.o(i.SystemClock_Config)
    i.SystemInit                             0x08004b8c   Section        0  system_stm32f4xx.o(i.SystemInit)
    i.TIM3_IRQHandler                        0x08004be0   Section        0  stm32f4xx_it.o(i.TIM3_IRQHandler)
    i.TIM_Base_SetConfig                     0x08004bec   Section        0  stm32f4xx_hal_tim.o(i.TIM_Base_SetConfig)
    i.TIM_CCxChannelCmd                      0x08004cac   Section        0  stm32f4xx_hal_tim.o(i.TIM_CCxChannelCmd)
    i.TIM_ETR_SetConfig                      0x08004cc2   Section        0  stm32f4xx_hal_tim.o(i.TIM_ETR_SetConfig)
    TIM_ETR_SetConfig                        0x08004cc3   Thumb Code    20  stm32f4xx_hal_tim.o(i.TIM_ETR_SetConfig)
    i.TIM_ITRx_SetConfig                     0x08004cd6   Section        0  stm32f4xx_hal_tim.o(i.TIM_ITRx_SetConfig)
    TIM_ITRx_SetConfig                       0x08004cd7   Thumb Code    16  stm32f4xx_hal_tim.o(i.TIM_ITRx_SetConfig)
    i.TIM_OC1_SetConfig                      0x08004ce8   Section        0  stm32f4xx_hal_tim.o(i.TIM_OC1_SetConfig)
    TIM_OC1_SetConfig                        0x08004ce9   Thumb Code    80  stm32f4xx_hal_tim.o(i.TIM_OC1_SetConfig)
    i.TIM_OC2_SetConfig                      0x08004d40   Section        0  stm32f4xx_hal_tim.o(i.TIM_OC2_SetConfig)
    i.TIM_OC3_SetConfig                      0x08004da4   Section        0  stm32f4xx_hal_tim.o(i.TIM_OC3_SetConfig)
    TIM_OC3_SetConfig                        0x08004da5   Thumb Code    88  stm32f4xx_hal_tim.o(i.TIM_OC3_SetConfig)
    i.TIM_OC4_SetConfig                      0x08004e04   Section        0  stm32f4xx_hal_tim.o(i.TIM_OC4_SetConfig)
    TIM_OC4_SetConfig                        0x08004e05   Thumb Code    70  stm32f4xx_hal_tim.o(i.TIM_OC4_SetConfig)
    i.TIM_TI1_ConfigInputStage               0x08004e54   Section        0  stm32f4xx_hal_tim.o(i.TIM_TI1_ConfigInputStage)
    TIM_TI1_ConfigInputStage                 0x08004e55   Thumb Code    34  stm32f4xx_hal_tim.o(i.TIM_TI1_ConfigInputStage)
    i.TIM_TI2_ConfigInputStage               0x08004e76   Section        0  stm32f4xx_hal_tim.o(i.TIM_TI2_ConfigInputStage)
    TIM_TI2_ConfigInputStage                 0x08004e77   Thumb Code    36  stm32f4xx_hal_tim.o(i.TIM_TI2_ConfigInputStage)
    i.UART_DMAError                          0x08004e9a   Section        0  stm32f4xx_hal_uart.o(i.UART_DMAError)
    UART_DMAError                            0x08004e9b   Thumb Code    30  stm32f4xx_hal_uart.o(i.UART_DMAError)
    i.UART_DMAReceiveCplt                    0x08004eb8   Section        0  stm32f4xx_hal_uart.o(i.UART_DMAReceiveCplt)
    UART_DMAReceiveCplt                      0x08004eb9   Thumb Code    54  stm32f4xx_hal_uart.o(i.UART_DMAReceiveCplt)
    i.UART_DMARxHalfCplt                     0x08004eee   Section        0  stm32f4xx_hal_uart.o(i.UART_DMARxHalfCplt)
    UART_DMARxHalfCplt                       0x08004eef   Thumb Code    10  stm32f4xx_hal_uart.o(i.UART_DMARxHalfCplt)
    i.UART_SetConfig                         0x08004ef8   Section        0  stm32f4xx_hal_uart.o(i.UART_SetConfig)
    UART_SetConfig                           0x08004ef9   Thumb Code   366  stm32f4xx_hal_uart.o(i.UART_SetConfig)
    i.UART_WaitOnFlagUntilTimeout            0x08005070   Section        0  stm32f4xx_hal_uart.o(i.UART_WaitOnFlagUntilTimeout)
    UART_WaitOnFlagUntilTimeout              0x08005071   Thumb Code   146  stm32f4xx_hal_uart.o(i.UART_WaitOnFlagUntilTimeout)
    i.Update_Euler_angles                    0x08005104   Section        0  imu.o(i.Update_Euler_angles)
    i.Update_Gravity                         0x080053fc   Section        0  mpu6050.o(i.Update_Gravity)
    i.Update_IMU_Data_Mahony                 0x080054a8   Section        0  imu.o(i.Update_IMU_Data_Mahony)
    i.Update_Kalman1x1                       0x08005500   Section        0  kalman.o(i.Update_Kalman1x1)
    i.Vel_z                                  0x08005554   Section        0  altitude.o(i.Vel_z)
    i.Window_detection                       0x0800565c   Section        0  control.o(i.Window_detection)
    i.__ARM_fpclassify                       0x080059a8   Section        0  fpclassify.o(i.__ARM_fpclassify)
    i.__hardfp_asin                          0x080059d8   Section        0  asin.o(i.__hardfp_asin)
    i.__hardfp_atan                          0x08005d38   Section        0  atan.o(i.__hardfp_atan)
    i.__hardfp_atan2                         0x08006010   Section        0  atan2.o(i.__hardfp_atan2)
    i.__hardfp_fabs                          0x08006200   Section        0  fabs.o(i.__hardfp_fabs)
    i.__hardfp_sin                           0x08006218   Section        0  sin.o(i.__hardfp_sin)
    i.__hardfp_sqrt                          0x080062e0   Section        0  sqrt.o(i.__hardfp_sqrt)
    i.__hardfp_tan                           0x08006360   Section        0  tan.o(i.__hardfp_tan)
    i.__ieee754_rem_pio2                     0x080063e0   Section        0  rred.o(i.__ieee754_rem_pio2)
    i.__kernel_cos                           0x08006818   Section        0  cos_i.o(i.__kernel_cos)
    i.__kernel_poly                          0x08006988   Section        0  poly.o(i.__kernel_poly)
    i.__kernel_sin                           0x08006a80   Section        0  sin_i.o(i.__kernel_sin)
    i.__kernel_tan                           0x08006bb0   Section        0  tan_i.o(i.__kernel_tan)
    i.__mathlib_dbl_infnan                   0x08006f00   Section        0  dunder.o(i.__mathlib_dbl_infnan)
    i.__mathlib_dbl_infnan2                  0x08006f14   Section        0  dunder.o(i.__mathlib_dbl_infnan2)
    i.__mathlib_dbl_invalid                  0x08006f28   Section        0  dunder.o(i.__mathlib_dbl_invalid)
    i.__mathlib_dbl_underflow                0x08006f48   Section        0  dunder.o(i.__mathlib_dbl_underflow)
    i.__scatterload_copy                     0x08006f68   Section       14  handlers.o(i.__scatterload_copy)
    i.__scatterload_null                     0x08006f76   Section        2  handlers.o(i.__scatterload_null)
    i.__scatterload_zeroinit                 0x08006f78   Section       14  handlers.o(i.__scatterload_zeroinit)
    i.__set_errno                            0x08006f88   Section        0  errno.o(i.__set_errno)
    i.altitude_control                       0x08006f94   Section        0  control.o(i.altitude_control)
    i.atan                                   0x08007048   Section        0  atan.o(i.atan)
    i.control_init_                          0x08007058   Section        0  control.o(i.control_init_)
    i.do_optical_par                         0x08007260   Section        0  par_optical.o(i.do_optical_par)
    i.fabs                                   0x08007788   Section        0  fabs.o(i.fabs)
    i.fsign                                  0x080077a0   Section        0  rc.o(i.fsign)
    i.gyro_calib                             0x080077cc   Section        0  mpu6050.o(i.gyro_calib)
    i.init_mpu                               0x080078a0   Section        0  mpu6050.o(i.init_mpu)
    i.invSqrt                                0x080079ac   Section        0  imu.o(i.invSqrt)
    i.main                                   0x080079d8   Section        0  main.o(i.main)
    i.marker_kalman_1x1_init                 0x08007f54   Section        0  control.o(i.marker_kalman_1x1_init)
    i.optical_kalman_init                    0x08007f9c   Section        0  par_optical.o(i.optical_kalman_init)
    i.recieve_sbus_radio                     0x08007fe4   Section        0  rc.o(i.recieve_sbus_radio)
    i.sqrt                                   0x0800810c   Section        0  sqrt.o(i.sqrt)
    i.ultra_filter_lpf                       0x0800817c   Section        0  altitude.o(i.ultra_filter_lpf)
    i.update_Accel_weight                    0x080081ac   Section        0  imu.o(i.update_Accel_weight)
    i.window_get_data                        0x080082cc   Section        0  odometery.o(i.window_get_data)
    i.window_kalman_1x1_init                 0x080082d0   Section        0  control.o(i.window_kalman_1x1_init)
    .constdata                               0x08008318   Section       16  stm32f4xx_hal_rcc.o(.constdata)
    .constdata                               0x08008328   Section       80  asin.o(.constdata)
    pS                                       0x08008328   Data          48  asin.o(.constdata)
    qS                                       0x08008358   Data          32  asin.o(.constdata)
    .constdata                               0x08008378   Section      152  atan.o(.constdata)
    atanhi                                   0x08008378   Data          32  atan.o(.constdata)
    atanlo                                   0x08008398   Data          32  atan.o(.constdata)
    aTodd                                    0x080083b8   Data          40  atan.o(.constdata)
    aTeven                                   0x080083e0   Data          48  atan.o(.constdata)
    .constdata                               0x08008410   Section       48  cos_i.o(.constdata)
    C                                        0x08008410   Data          48  cos_i.o(.constdata)
    .constdata                               0x08008440   Section        8  qnan.o(.constdata)
    .constdata                               0x08008448   Section      200  rred.o(.constdata)
    pio2s                                    0x08008448   Data          48  rred.o(.constdata)
    twooverpi                                0x08008478   Data         152  rred.o(.constdata)
    .constdata                               0x08008510   Section       40  sin_i.o(.constdata)
    S                                        0x08008510   Data          40  sin_i.o(.constdata)
    .constdata                               0x08008538   Section       96  tan_i.o(.constdata)
    Todd                                     0x08008538   Data          48  tan_i.o(.constdata)
    Teven                                    0x08008568   Data          48  tan_i.o(.constdata)
    .data                                    0x20000000   Section        4  stm32f4xx_hal.o(.data)
    uwTick                                   0x20000000   Data           4  stm32f4xx_hal.o(.data)
    .data                                    0x20000008   Section       48  main.o(.data)
    .data                                    0x20000038   Section        8  altitude.o(.data)
    .data                                    0x20000040   Section      128  control.o(.data)
    .data                                    0x200000c0   Section        2  eeprom.o(.data)
    .data                                    0x200000c4   Section        4  mpc.o(.data)
    .data                                    0x200000c8   Section        2  mpu6050.o(.data)
    .data                                    0x200000ca   Section        6  rc.o(.data)
    .data                                    0x200000d0   Section       16  par_optical.o(.data)
    .data                                    0x200000e0   Section       20  system_stm32f4xx.o(.data)
    .data                                    0x200000f4   Section        4  errno.o(.data)
    _errno                                   0x200000f4   Data           4  errno.o(.data)
    .bss                                     0x200000f8   Section      496  main.o(.bss)
    .bss                                     0x200002e8   Section       80  main.o(.bss)
    .bss                                     0x20000338   Section       80  main.o(.bss)
    .bss                                     0x20000388   Section       80  main.o(.bss)
    .bss                                     0x200003d8   Section       80  main.o(.bss)
    .bss                                     0x20000428   Section      112  altitude.o(.bss)
    .bss                                     0x20000498   Section     2760  control.o(.bss)
    .bss                                     0x20000f60   Section       96  imu.o(.bss)
    .bss                                     0x20000fc0   Section       44  kalman.o(.bss)
    .bss                                     0x20000fec   Section       44  kalman.o(.bss)
    .bss                                     0x20001018   Section      412  mpc.o(.bss)
    .bss                                     0x200011b4   Section      412  mpc.o(.bss)
    .bss                                     0x20001350   Section      152  mpu6050.o(.bss)
    .bss                                     0x200013e8   Section      393  rc.o(.bss)
    .bss                                     0x20001574   Section      188  odometery.o(.bss)
    .bss                                     0x20001630   Section     1168  odometery.o(.bss)
    .bss                                     0x20001ac0   Section      188  par_optical.o(.bss)
    .bss                                     0x20001b7c   Section       88  par_optical.o(.bss)
    STACK                                    0x20001bd8   Section     1024  startup_stm32f407xx.o(STACK)

    Global Symbols

    Symbol Name                              Value     Ov Type        Size  Object(Section)

    BuildAttributes$$THM_ISAv4$E$P$D$K$B$S$7EM$VFPi3$EXTD16$VFPS$VFMA$PE$A:L22UL41UL21$X:L11$S22US41US21$IEEE1$IW$USESV6$~STKCKD$USESV7$~SHL$OTIME$ROPI$IEEEX$EBA8$MICROLIB$REQ8$PRES8$EABIv2 0x00000000   Number         0  anon$$obj.o ABSOLUTE
    __ARM_use_no_argv                        0x00000000   Number         0  main.o ABSOLUTE
    __cpp_initialize__aeabi_                  - Undefined Weak Reference
    __cxa_finalize                            - Undefined Weak Reference
    __decompress                              - Undefined Weak Reference
    _clock_init                               - Undefined Weak Reference
    _microlib_exit                            - Undefined Weak Reference
    __Vectors_Size                           0x00000188   Number         0  startup_stm32f407xx.o ABSOLUTE
    __Vectors                                0x08000000   Data           4  startup_stm32f407xx.o(RESET)
    __Vectors_End                            0x08000188   Data           0  startup_stm32f407xx.o(RESET)
    __main                                   0x08000189   Thumb Code     0  entry.o(.ARM.Collect$$$$00000000)
    _main_stk                                0x08000189   Thumb Code     0  entry2.o(.ARM.Collect$$$$00000001)
    _main_scatterload                        0x0800018d   Thumb Code     0  entry5.o(.ARM.Collect$$$$00000004)
    __main_after_scatterload                 0x08000191   Thumb Code     0  entry5.o(.ARM.Collect$$$$00000004)
    _main_clock                              0x08000191   Thumb Code     0  entry7b.o(.ARM.Collect$$$$00000008)
    _main_cpp_init                           0x08000191   Thumb Code     0  entry8b.o(.ARM.Collect$$$$0000000A)
    _main_init                               0x08000191   Thumb Code     0  entry9a.o(.ARM.Collect$$$$0000000B)
    __rt_final_cpp                           0x08000199   Thumb Code     0  entry10a.o(.ARM.Collect$$$$0000000D)
    __rt_final_exit                          0x08000199   Thumb Code     0  entry11a.o(.ARM.Collect$$$$0000000F)
    Reset_Handler                            0x0800019d   Thumb Code     8  startup_stm32f407xx.o(.text)
    NMI_Handler                              0x080001a5   Thumb Code     2  startup_stm32f407xx.o(.text)
    HardFault_Handler                        0x080001a7   Thumb Code     2  startup_stm32f407xx.o(.text)
    MemManage_Handler                        0x080001a9   Thumb Code     2  startup_stm32f407xx.o(.text)
    BusFault_Handler                         0x080001ab   Thumb Code     2  startup_stm32f407xx.o(.text)
    UsageFault_Handler                       0x080001ad   Thumb Code     2  startup_stm32f407xx.o(.text)
    SVC_Handler                              0x080001af   Thumb Code     2  startup_stm32f407xx.o(.text)
    DebugMon_Handler                         0x080001b1   Thumb Code     2  startup_stm32f407xx.o(.text)
    PendSV_Handler                           0x080001b3   Thumb Code     2  startup_stm32f407xx.o(.text)
    ADC_IRQHandler                           0x080001b7   Thumb Code     0  startup_stm32f407xx.o(.text)
    CAN1_RX0_IRQHandler                      0x080001b7   Thumb Code     0  startup_stm32f407xx.o(.text)
    CAN1_RX1_IRQHandler                      0x080001b7   Thumb Code     0  startup_stm32f407xx.o(.text)
    CAN1_SCE_IRQHandler                      0x080001b7   Thumb Code     0  startup_stm32f407xx.o(.text)
    CAN1_TX_IRQHandler                       0x080001b7   Thumb Code     0  startup_stm32f407xx.o(.text)
    CAN2_RX0_IRQHandler                      0x080001b7   Thumb Code     0  startup_stm32f407xx.o(.text)
    CAN2_RX1_IRQHandler                      0x080001b7   Thumb Code     0  startup_stm32f407xx.o(.text)
    CAN2_SCE_IRQHandler                      0x080001b7   Thumb Code     0  startup_stm32f407xx.o(.text)
    CAN2_TX_IRQHandler                       0x080001b7   Thumb Code     0  startup_stm32f407xx.o(.text)
    DCMI_IRQHandler                          0x080001b7   Thumb Code     0  startup_stm32f407xx.o(.text)
    DMA1_Stream0_IRQHandler                  0x080001b7   Thumb Code     0  startup_stm32f407xx.o(.text)
    DMA1_Stream3_IRQHandler                  0x080001b7   Thumb Code     0  startup_stm32f407xx.o(.text)
    DMA1_Stream4_IRQHandler                  0x080001b7   Thumb Code     0  startup_stm32f407xx.o(.text)
    DMA1_Stream6_IRQHandler                  0x080001b7   Thumb Code     0  startup_stm32f407xx.o(.text)
    DMA1_Stream7_IRQHandler                  0x080001b7   Thumb Code     0  startup_stm32f407xx.o(.text)
    DMA2_Stream0_IRQHandler                  0x080001b7   Thumb Code     0  startup_stm32f407xx.o(.text)
    DMA2_Stream1_IRQHandler                  0x080001b7   Thumb Code     0  startup_stm32f407xx.o(.text)
    DMA2_Stream3_IRQHandler                  0x080001b7   Thumb Code     0  startup_stm32f407xx.o(.text)
    DMA2_Stream4_IRQHandler                  0x080001b7   Thumb Code     0  startup_stm32f407xx.o(.text)
    DMA2_Stream5_IRQHandler                  0x080001b7   Thumb Code     0  startup_stm32f407xx.o(.text)
    DMA2_Stream6_IRQHandler                  0x080001b7   Thumb Code     0  startup_stm32f407xx.o(.text)
    DMA2_Stream7_IRQHandler                  0x080001b7   Thumb Code     0  startup_stm32f407xx.o(.text)
    ETH_IRQHandler                           0x080001b7   Thumb Code     0  startup_stm32f407xx.o(.text)
    ETH_WKUP_IRQHandler                      0x080001b7   Thumb Code     0  startup_stm32f407xx.o(.text)
    EXTI0_IRQHandler                         0x080001b7   Thumb Code     0  startup_stm32f407xx.o(.text)
    EXTI15_10_IRQHandler                     0x080001b7   Thumb Code     0  startup_stm32f407xx.o(.text)
    EXTI2_IRQHandler                         0x080001b7   Thumb Code     0  startup_stm32f407xx.o(.text)
    EXTI3_IRQHandler                         0x080001b7   Thumb Code     0  startup_stm32f407xx.o(.text)
    EXTI4_IRQHandler                         0x080001b7   Thumb Code     0  startup_stm32f407xx.o(.text)
    FLASH_IRQHandler                         0x080001b7   Thumb Code     0  startup_stm32f407xx.o(.text)
    FMC_IRQHandler                           0x080001b7   Thumb Code     0  startup_stm32f407xx.o(.text)
    FPU_IRQHandler                           0x080001b7   Thumb Code     0  startup_stm32f407xx.o(.text)
    HASH_RNG_IRQHandler                      0x080001b7   Thumb Code     0  startup_stm32f407xx.o(.text)
    I2C1_ER_IRQHandler                       0x080001b7   Thumb Code     0  startup_stm32f407xx.o(.text)
    I2C2_ER_IRQHandler                       0x080001b7   Thumb Code     0  startup_stm32f407xx.o(.text)
    I2C2_EV_IRQHandler                       0x080001b7   Thumb Code     0  startup_stm32f407xx.o(.text)
    I2C3_ER_IRQHandler                       0x080001b7   Thumb Code     0  startup_stm32f407xx.o(.text)
    I2C3_EV_IRQHandler                       0x080001b7   Thumb Code     0  startup_stm32f407xx.o(.text)
    OTG_FS_IRQHandler                        0x080001b7   Thumb Code     0  startup_stm32f407xx.o(.text)
    OTG_FS_WKUP_IRQHandler                   0x080001b7   Thumb Code     0  startup_stm32f407xx.o(.text)
    OTG_HS_EP1_IN_IRQHandler                 0x080001b7   Thumb Code     0  startup_stm32f407xx.o(.text)
    OTG_HS_EP1_OUT_IRQHandler                0x080001b7   Thumb Code     0  startup_stm32f407xx.o(.text)
    OTG_HS_IRQHandler                        0x080001b7   Thumb Code     0  startup_stm32f407xx.o(.text)
    OTG_HS_WKUP_IRQHandler                   0x080001b7   Thumb Code     0  startup_stm32f407xx.o(.text)
    PVD_IRQHandler                           0x080001b7   Thumb Code     0  startup_stm32f407xx.o(.text)
    RCC_IRQHandler                           0x080001b7   Thumb Code     0  startup_stm32f407xx.o(.text)
    RTC_Alarm_IRQHandler                     0x080001b7   Thumb Code     0  startup_stm32f407xx.o(.text)
    RTC_WKUP_IRQHandler                      0x080001b7   Thumb Code     0  startup_stm32f407xx.o(.text)
    SDIO_IRQHandler                          0x080001b7   Thumb Code     0  startup_stm32f407xx.o(.text)
    SPI1_IRQHandler                          0x080001b7   Thumb Code     0  startup_stm32f407xx.o(.text)
    SPI2_IRQHandler                          0x080001b7   Thumb Code     0  startup_stm32f407xx.o(.text)
    SPI3_IRQHandler                          0x080001b7   Thumb Code     0  startup_stm32f407xx.o(.text)
    TAMP_STAMP_IRQHandler                    0x080001b7   Thumb Code     0  startup_stm32f407xx.o(.text)
    TIM1_BRK_TIM9_IRQHandler                 0x080001b7   Thumb Code     0  startup_stm32f407xx.o(.text)
    TIM1_CC_IRQHandler                       0x080001b7   Thumb Code     0  startup_stm32f407xx.o(.text)
    TIM1_TRG_COM_TIM11_IRQHandler            0x080001b7   Thumb Code     0  startup_stm32f407xx.o(.text)
    TIM1_UP_TIM10_IRQHandler                 0x080001b7   Thumb Code     0  startup_stm32f407xx.o(.text)
    TIM2_IRQHandler                          0x080001b7   Thumb Code     0  startup_stm32f407xx.o(.text)
    TIM4_IRQHandler                          0x080001b7   Thumb Code     0  startup_stm32f407xx.o(.text)
    TIM5_IRQHandler                          0x080001b7   Thumb Code     0  startup_stm32f407xx.o(.text)
    TIM6_DAC_IRQHandler                      0x080001b7   Thumb Code     0  startup_stm32f407xx.o(.text)
    TIM7_IRQHandler                          0x080001b7   Thumb Code     0  startup_stm32f407xx.o(.text)
    TIM8_BRK_TIM12_IRQHandler                0x080001b7   Thumb Code     0  startup_stm32f407xx.o(.text)
    TIM8_CC_IRQHandler                       0x080001b7   Thumb Code     0  startup_stm32f407xx.o(.text)
    TIM8_TRG_COM_TIM14_IRQHandler            0x080001b7   Thumb Code     0  startup_stm32f407xx.o(.text)
    TIM8_UP_TIM13_IRQHandler                 0x080001b7   Thumb Code     0  startup_stm32f407xx.o(.text)
    UART4_IRQHandler                         0x080001b7   Thumb Code     0  startup_stm32f407xx.o(.text)
    UART5_IRQHandler                         0x080001b7   Thumb Code     0  startup_stm32f407xx.o(.text)
    USART1_IRQHandler                        0x080001b7   Thumb Code     0  startup_stm32f407xx.o(.text)
    USART2_IRQHandler                        0x080001b7   Thumb Code     0  startup_stm32f407xx.o(.text)
    USART3_IRQHandler                        0x080001b7   Thumb Code     0  startup_stm32f407xx.o(.text)
    USART6_IRQHandler                        0x080001b7   Thumb Code     0  startup_stm32f407xx.o(.text)
    WWDG_IRQHandler                          0x080001b7   Thumb Code     0  startup_stm32f407xx.o(.text)
    __aeabi_uldivmod                         0x080001c1   Thumb Code    98  uldiv.o(.text)
    __aeabi_memcpy                           0x08000223   Thumb Code    36  memcpya.o(.text)
    __aeabi_memcpy4                          0x08000223   Thumb Code     0  memcpya.o(.text)
    __aeabi_memcpy8                          0x08000223   Thumb Code     0  memcpya.o(.text)
    __aeabi_dadd                             0x08000247   Thumb Code   322  dadd.o(.text)
    __aeabi_dsub                             0x08000389   Thumb Code     6  dadd.o(.text)
    __aeabi_drsub                            0x0800038f   Thumb Code     6  dadd.o(.text)
    __aeabi_dmul                             0x08000395   Thumb Code   228  dmul.o(.text)
    __aeabi_ddiv                             0x08000479   Thumb Code   222  ddiv.o(.text)
    __aeabi_i2d                              0x08000557   Thumb Code    34  dflti.o(.text)
    __aeabi_f2d                              0x08000579   Thumb Code    38  f2d.o(.text)
    __aeabi_cdcmpeq                          0x080005a1   Thumb Code     0  cdcmple.o(.text)
    __aeabi_cdcmple                          0x080005a1   Thumb Code    48  cdcmple.o(.text)
    __aeabi_d2f                              0x080005d1   Thumb Code    56  d2f.o(.text)
    __aeabi_llsl                             0x08000609   Thumb Code    30  llshl.o(.text)
    _ll_shift_l                              0x08000609   Thumb Code     0  llshl.o(.text)
    __aeabi_llsr                             0x08000627   Thumb Code    32  llushr.o(.text)
    _ll_ushift_r                             0x08000627   Thumb Code     0  llushr.o(.text)
    __aeabi_lasr                             0x08000647   Thumb Code    36  llsshr.o(.text)
    _ll_sshift_r                             0x08000647   Thumb Code     0  llsshr.o(.text)
    __I$use$fp                               0x0800066b   Thumb Code     0  iusefp.o(.text)
    _float_round                             0x0800066b   Thumb Code    18  fepilogue.o(.text)
    _float_epilogue                          0x0800067d   Thumb Code    92  fepilogue.o(.text)
    _double_round                            0x080006d9   Thumb Code    30  depilogue.o(.text)
    _double_epilogue                         0x080006f7   Thumb Code   156  depilogue.o(.text)
    _dsqrt                                   0x08000793   Thumb Code   162  dsqrt.o(.text)
    __scatterload                            0x08000835   Thumb Code    28  init.o(.text)
    __scatterload_rt2                        0x08000835   Thumb Code     0  init.o(.text)
    __aeabi_ui2d                             0x08000859   Thumb Code    26  dfltui.o(.text)
    __aeabi_d2iz                             0x08000873   Thumb Code    62  dfixi.o(.text)
    Calculate_Static_Acc                     0x080008b1   Thumb Code   250  imu.o(i.Calculate_Static_Acc)
    Cam_Kalman_init                          0x080009b1   Thumb Code   180  odometery.o(i.Cam_Kalman_init)
    Check_MPC_IRQ                            0x08000a75   Thumb Code   128  mpc.o(i.Check_MPC_IRQ)
    Control                                  0x08000af9   Thumb Code   334  control.o(i.Control)
    Control_Altitude_Velocity                0x08000c4d   Thumb Code   184  control.o(i.Control_Altitude_Velocity)
    DMA1_Stream1_IRQHandler                  0x08000d2d   Thumb Code     6  stm32f4xx_it.o(i.DMA1_Stream1_IRQHandler)
    DMA1_Stream2_IRQHandler                  0x08000d39   Thumb Code     6  stm32f4xx_it.o(i.DMA1_Stream2_IRQHandler)
    DMA1_Stream5_IRQHandler                  0x08000d45   Thumb Code     6  stm32f4xx_it.o(i.DMA1_Stream5_IRQHandler)
    DMA2_Stream2_IRQHandler                  0x08000d51   Thumb Code     6  stm32f4xx_it.o(i.DMA2_Stream2_IRQHandler)
    EEPROM_Read_int16_t                      0x08000d85   Thumb Code    32  eeprom.o(i.EEPROM_Read_int16_t)
    EEPROM_Write_int16_t                     0x08000dad   Thumb Code    36  eeprom.o(i.EEPROM_Write_int16_t)
    EXTI1_IRQHandler                         0x08000dd9   Thumb Code     6  stm32f4xx_it.o(i.EXTI1_IRQHandler)
    EXTI9_5_IRQHandler                       0x08000ddf   Thumb Code     8  stm32f4xx_it.o(i.EXTI9_5_IRQHandler)
    HAL_DMA_Abort                            0x08000de9   Thumb Code    84  stm32f4xx_hal_dma.o(i.HAL_DMA_Abort)
    HAL_DMA_IRQHandler                       0x08000e3d   Thumb Code  3940  stm32f4xx_hal_dma.o(i.HAL_DMA_IRQHandler)
    HAL_DMA_Init                             0x08001da9   Thumb Code   108  stm32f4xx_hal_dma.o(i.HAL_DMA_Init)
    HAL_DMA_Start_IT                         0x08001e19   Thumb Code   108  stm32f4xx_hal_dma.o(i.HAL_DMA_Start_IT)
    HAL_Delay                                0x08001e85   Thumb Code    22  stm32f4xx_hal.o(i.HAL_Delay)
    HAL_GPIO_EXTI_Callback                   0x08001e9d   Thumb Code    88  main.o(i.HAL_GPIO_EXTI_Callback)
    HAL_GPIO_EXTI_IRQHandler                 0x08001f01   Thumb Code    18  stm32f4xx_hal_gpio.o(i.HAL_GPIO_EXTI_IRQHandler)
    HAL_GPIO_Init                            0x08001f19   Thumb Code   390  stm32f4xx_hal_gpio.o(i.HAL_GPIO_Init)
    HAL_GPIO_ReadPin                         0x080020d1   Thumb Code    10  stm32f4xx_hal_gpio.o(i.HAL_GPIO_ReadPin)
    HAL_GPIO_WritePin                        0x080020db   Thumb Code    10  stm32f4xx_hal_gpio.o(i.HAL_GPIO_WritePin)
    HAL_GetTick                              0x080020e5   Thumb Code     6  stm32f4xx_hal.o(i.HAL_GetTick)
    HAL_I2C_EV_IRQHandler                    0x080020f1   Thumb Code   380  stm32f4xx_hal_i2c.o(i.HAL_I2C_EV_IRQHandler)
    HAL_I2C_MasterRxCpltCallback             0x08002271   Thumb Code     2  main.o(i.HAL_I2C_MasterRxCpltCallback)
    HAL_I2C_MasterTxCpltCallback             0x08002273   Thumb Code     2  stm32f4xx_hal_i2c.o(i.HAL_I2C_MasterTxCpltCallback)
    HAL_I2C_MemRxCpltCallback                0x08002275   Thumb Code     2  stm32f4xx_hal_i2c.o(i.HAL_I2C_MemRxCpltCallback)
    HAL_I2C_MemTxCpltCallback                0x08002277   Thumb Code     2  stm32f4xx_hal_i2c.o(i.HAL_I2C_MemTxCpltCallback)
    HAL_I2C_Mem_Read                         0x08002279   Thumb Code   432  stm32f4xx_hal_i2c.o(i.HAL_I2C_Mem_Read)
    HAL_I2C_Mem_Write                        0x08002431   Thumb Code   204  stm32f4xx_hal_i2c.o(i.HAL_I2C_Mem_Write)
    HAL_I2C_SlaveRxCpltCallback              0x08002505   Thumb Code     2  stm32f4xx_hal_i2c.o(i.HAL_I2C_SlaveRxCpltCallback)
    HAL_IncTick                              0x08002509   Thumb Code    10  stm32f4xx_hal.o(i.HAL_IncTick)
    HAL_Init                                 0x08002519   Thumb Code    48  stm32f4xx_hal.o(i.HAL_Init)
    HAL_InitTick                             0x0800254d   Thumb Code    34  stm32f4xx_hal.o(i.HAL_InitTick)
    HAL_MspInit                              0x0800256f   Thumb Code    22  stm32f4xx_hal_msp.o(i.HAL_MspInit)
    HAL_NVIC_DisableIRQ                      0x08002585   Thumb Code    22  stm32f4xx_hal_cortex.o(i.HAL_NVIC_DisableIRQ)
    HAL_NVIC_EnableIRQ                       0x0800259b   Thumb Code    22  stm32f4xx_hal_cortex.o(i.HAL_NVIC_EnableIRQ)
    HAL_NVIC_SetPriority                     0x080025b1   Thumb Code    60  stm32f4xx_hal_cortex.o(i.HAL_NVIC_SetPriority)
    HAL_NVIC_SetPriorityGrouping             0x080025f1   Thumb Code    26  stm32f4xx_hal_cortex.o(i.HAL_NVIC_SetPriorityGrouping)
    HAL_RCC_ClockConfig                      0x08002615   Thumb Code   432  stm32f4xx_hal_rcc.o(i.HAL_RCC_ClockConfig)
    HAL_RCC_GetHCLKFreq                      0x080027cd   Thumb Code    38  stm32f4xx_hal_rcc.o(i.HAL_RCC_GetHCLKFreq)
    HAL_RCC_GetPCLK1Freq                     0x08002801   Thumb Code    36  stm32f4xx_hal_rcc.o(i.HAL_RCC_GetPCLK1Freq)
    HAL_RCC_GetPCLK2Freq                     0x0800282d   Thumb Code    36  stm32f4xx_hal_rcc.o(i.HAL_RCC_GetPCLK2Freq)
    HAL_RCC_GetSysClockFreq                  0x08002859   Thumb Code   104  stm32f4xx_hal_rcc.o(i.HAL_RCC_GetSysClockFreq)
    HAL_RCC_OscConfig                        0x080028cd   Thumb Code   798  stm32f4xx_hal_rcc.o(i.HAL_RCC_OscConfig)
    HAL_SYSTICK_Callback                     0x08002c01   Thumb Code     2  stm32f4xx_hal_cortex.o(i.HAL_SYSTICK_Callback)
    HAL_SYSTICK_Config                       0x08002c03   Thumb Code    40  stm32f4xx_hal_cortex.o(i.HAL_SYSTICK_Config)
    HAL_SYSTICK_IRQHandler                   0x08002c2b   Thumb Code     8  stm32f4xx_hal_cortex.o(i.HAL_SYSTICK_IRQHandler)
    HAL_TIMEx_BreakCallback                  0x08002c33   Thumb Code     2  stm32f4xx_hal_tim_ex.o(i.HAL_TIMEx_BreakCallback)
    HAL_TIMEx_CommutationCallback            0x08002c35   Thumb Code     2  stm32f4xx_hal_tim_ex.o(i.HAL_TIMEx_CommutationCallback)
    HAL_TIMEx_MasterConfigSynchronization    0x08002c37   Thumb Code    80  stm32f4xx_hal_tim_ex.o(i.HAL_TIMEx_MasterConfigSynchronization)
    HAL_TIM_Base_Init                        0x08002c87   Thumb Code    48  stm32f4xx_hal_tim.o(i.HAL_TIM_Base_Init)
    HAL_TIM_Base_MspInit                     0x08002cb9   Thumb Code    82  stm32f4xx_hal_msp.o(i.HAL_TIM_Base_MspInit)
    HAL_TIM_Base_Start                       0x08002d21   Thumb Code    26  stm32f4xx_hal_tim.o(i.HAL_TIM_Base_Start)
    HAL_TIM_Base_Start_IT                    0x08002d3b   Thumb Code    24  stm32f4xx_hal_tim.o(i.HAL_TIM_Base_Start_IT)
    HAL_TIM_ConfigClockSource                0x08002d53   Thumb Code   242  stm32f4xx_hal_tim.o(i.HAL_TIM_ConfigClockSource)
    HAL_TIM_IC_CaptureCallback               0x08002e45   Thumb Code     2  stm32f4xx_hal_tim.o(i.HAL_TIM_IC_CaptureCallback)
    HAL_TIM_IRQHandler                       0x08002e47   Thumb Code   358  stm32f4xx_hal_tim.o(i.HAL_TIM_IRQHandler)
    HAL_TIM_OC_ConfigChannel                 0x08002fad   Thumb Code    86  stm32f4xx_hal_tim.o(i.HAL_TIM_OC_ConfigChannel)
    HAL_TIM_OC_DelayElapsedCallback          0x08003005   Thumb Code    32  main.o(i.HAL_TIM_OC_DelayElapsedCallback)
    HAL_TIM_OC_Init                          0x0800302d   Thumb Code    48  stm32f4xx_hal_tim.o(i.HAL_TIM_OC_Init)
    HAL_TIM_OC_MspInit                       0x0800305d   Thumb Code     2  stm32f4xx_hal_tim.o(i.HAL_TIM_OC_MspInit)
    HAL_TIM_OC_Start_IT                      0x08003061   Thumb Code    98  stm32f4xx_hal_tim.o(i.HAL_TIM_OC_Start_IT)
    HAL_TIM_PWM_PulseFinishedCallback        0x080030cd   Thumb Code     2  stm32f4xx_hal_tim.o(i.HAL_TIM_PWM_PulseFinishedCallback)
    HAL_TIM_PeriodElapsedCallback            0x080030cf   Thumb Code     2  stm32f4xx_hal_tim.o(i.HAL_TIM_PeriodElapsedCallback)
    HAL_TIM_TriggerCallback                  0x080030d1   Thumb Code     2  stm32f4xx_hal_tim.o(i.HAL_TIM_TriggerCallback)
    HAL_UART_DMAStop                         0x080030d3   Thumb Code    50  stm32f4xx_hal_uart.o(i.HAL_UART_DMAStop)
    HAL_UART_ErrorCallback                   0x08003105   Thumb Code     2  stm32f4xx_hal_uart.o(i.HAL_UART_ErrorCallback)
    HAL_UART_Init                            0x08003107   Thumb Code    90  stm32f4xx_hal_uart.o(i.HAL_UART_Init)
    HAL_UART_MspInit                         0x08003161   Thumb Code   376  stm32f4xx_hal_msp.o(i.HAL_UART_MspInit)
    HAL_UART_Receive_DMA                     0x08003311   Thumb Code   122  stm32f4xx_hal_uart.o(i.HAL_UART_Receive_DMA)
    HAL_UART_RxCpltCallback                  0x08003399   Thumb Code    48  main.o(i.HAL_UART_RxCpltCallback)
    HAL_UART_RxHalfCpltCallback              0x080033e5   Thumb Code     2  stm32f4xx_hal_uart.o(i.HAL_UART_RxHalfCpltCallback)
    HAL_UART_Transmit                        0x080033e9   Thumb Code   204  stm32f4xx_hal_uart.o(i.HAL_UART_Transmit)
    I2C1_EV_IRQHandler                       0x080034b5   Thumb Code     6  stm32f4xx_it.o(i.I2C1_EV_IRQHandler)
    MX_TIM13_Init                            0x080039d9   Thumb Code    66  main.o(i.MX_TIM13_Init)
    M_I2C_Init                               0x08003a8d   Thumb Code   238  main.o(i.M_I2C_Init)
    M_I2C_init                               0x08003b85   Thumb Code   112  main.o(i.M_I2C_init)
    MahonyAHRSupdateIMU                      0x08003c05   Thumb Code   344  imu.o(i.MahonyAHRSupdateIMU)
    Mpc_Empty_Data                           0x08003d65   Thumb Code    50  mpc.o(i.Mpc_Empty_Data)
    Mpc_Fill_Data                            0x08003d99   Thumb Code    78  mpc.o(i.Mpc_Fill_Data)
    Mpc_Send_Data                            0x08003de9   Thumb Code    56  mpc.o(i.Mpc_Send_Data)
    Mpc_decode                               0x08003e25   Thumb Code   254  mpc.o(i.Mpc_decode)
    Mpu_Read                                 0x08003f2d   Thumb Code    30  mpu6050.o(i.Mpu_Read)
    Mpu_Read_acc                             0x08003f4d   Thumb Code   182  mpu6050.o(i.Mpu_Read_acc)
    Mpu_Read_gyro                            0x0800400d   Thumb Code   248  mpu6050.o(i.Mpu_Read_gyro)
    Mpu_Write                                0x08004115   Thumb Code    28  mpu6050.o(i.Mpu_Write)
    Mpu_update                               0x08004131   Thumb Code    24  mpu6050.o(i.Mpu_update)
    Point2Controller                         0x08004169   Thumb Code     2  control.o(i.Point2Controller)
    Quad_Off                                 0x0800416d   Thumb Code    26  control.o(i.Quad_Off)
    Quad_On                                  0x08004195   Thumb Code    26  control.o(i.Quad_On)
    RC_2_SetPoint                            0x080041bd   Thumb Code   842  rc.o(i.RC_2_SetPoint)
    RC_Calib                                 0x08004529   Thumb Code   300  rc.o(i.RC_Calib)
    RC_Init                                  0x0800465d   Thumb Code    18  rc.o(i.RC_Init)
    RC_Read_EEPROM                           0x0800466f   Thumb Code   134  rc.o(i.RC_Read_EEPROM)
    Rc2Controller                            0x080046f5   Thumb Code     2  control.o(i.Rc2Controller)
    Read_Srf                                 0x080046f9   Thumb Code   384  altitude.o(i.Read_Srf)
    SBUS_Packet_fly_mode                     0x080048a1   Thumb Code   310  rc.o(i.SBUS_Packet_fly_mode)
    Set_zero_system_state                    0x080049ed   Thumb Code   276  control.o(i.Set_zero_system_state)
    SysTick_Handler                          0x08004b19   Thumb Code    14  stm32f4xx_it.o(i.SysTick_Handler)
    SystemClock_Config                       0x08004b29   Thumb Code    92  main.o(i.SystemClock_Config)
    SystemInit                               0x08004b8d   Thumb Code    66  system_stm32f4xx.o(i.SystemInit)
    TIM3_IRQHandler                          0x08004be1   Thumb Code     6  stm32f4xx_it.o(i.TIM3_IRQHandler)
    TIM_Base_SetConfig                       0x08004bed   Thumb Code   148  stm32f4xx_hal_tim.o(i.TIM_Base_SetConfig)
    TIM_CCxChannelCmd                        0x08004cad   Thumb Code    22  stm32f4xx_hal_tim.o(i.TIM_CCxChannelCmd)
    TIM_OC2_SetConfig                        0x08004d41   Thumb Code    90  stm32f4xx_hal_tim.o(i.TIM_OC2_SetConfig)
    Update_Euler_angles                      0x08005105   Thumb Code   714  imu.o(i.Update_Euler_angles)
    Update_Gravity                           0x080053fd   Thumb Code   164  mpu6050.o(i.Update_Gravity)
    Update_IMU_Data_Mahony                   0x080054a9   Thumb Code    88  imu.o(i.Update_IMU_Data_Mahony)
    Update_Kalman1x1                         0x08005501   Thumb Code    82  kalman.o(i.Update_Kalman1x1)
    Vel_z                                    0x08005555   Thumb Code   230  altitude.o(i.Vel_z)
    Window_detection                         0x0800565d   Thumb Code   736  control.o(i.Window_detection)
    __ARM_fpclassify                         0x080059a9   Thumb Code    48  fpclassify.o(i.__ARM_fpclassify)
    __hardfp_asin                            0x080059d9   Thumb Code   770  asin.o(i.__hardfp_asin)
    __hardfp_atan                            0x08005d39   Thumb Code   622  atan.o(i.__hardfp_atan)
    __hardfp_atan2                           0x08006011   Thumb Code   432  atan2.o(i.__hardfp_atan2)
    __hardfp_fabs                            0x08006201   Thumb Code    20  fabs.o(i.__hardfp_fabs)
    __hardfp_sin                             0x08006219   Thumb Code   180  sin.o(i.__hardfp_sin)
    __hardfp_sqrt                            0x080062e1   Thumb Code   122  sqrt.o(i.__hardfp_sqrt)
    __hardfp_tan                             0x08006361   Thumb Code   108  tan.o(i.__hardfp_tan)
    __ieee754_rem_pio2                       0x080063e1   Thumb Code   938  rred.o(i.__ieee754_rem_pio2)
    __kernel_cos                             0x08006819   Thumb Code   322  cos_i.o(i.__kernel_cos)
    __kernel_poly                            0x08006989   Thumb Code   248  poly.o(i.__kernel_poly)
    __kernel_sin                             0x08006a81   Thumb Code   280  sin_i.o(i.__kernel_sin)
    __kernel_tan                             0x08006bb1   Thumb Code   764  tan_i.o(i.__kernel_tan)
    __mathlib_dbl_infnan                     0x08006f01   Thumb Code    20  dunder.o(i.__mathlib_dbl_infnan)
    __mathlib_dbl_infnan2                    0x08006f15   Thumb Code    20  dunder.o(i.__mathlib_dbl_infnan2)
    __mathlib_dbl_invalid                    0x08006f29   Thumb Code    24  dunder.o(i.__mathlib_dbl_invalid)
    __mathlib_dbl_underflow                  0x08006f49   Thumb Code    24  dunder.o(i.__mathlib_dbl_underflow)
    __scatterload_copy                       0x08006f69   Thumb Code    14  handlers.o(i.__scatterload_copy)
    __scatterload_null                       0x08006f77   Thumb Code     2  handlers.o(i.__scatterload_null)
    __scatterload_zeroinit                   0x08006f79   Thumb Code    14  handlers.o(i.__scatterload_zeroinit)
    __set_errno                              0x08006f89   Thumb Code     6  errno.o(i.__set_errno)
    altitude_control                         0x08006f95   Thumb Code   156  control.o(i.altitude_control)
    atan                                     0x08007049   Thumb Code    16  atan.o(i.atan)
    control_init_                            0x08007059   Thumb Code   424  control.o(i.control_init_)
    do_optical_par                           0x08007261   Thumb Code  1312  par_optical.o(i.do_optical_par)
    fabs                                     0x08007789   Thumb Code    24  fabs.o(i.fabs)
    fsign                                    0x080077a1   Thumb Code    38  rc.o(i.fsign)
    gyro_calib                               0x080077cd   Thumb Code   204  mpu6050.o(i.gyro_calib)
    init_mpu                                 0x080078a1   Thumb Code   268  mpu6050.o(i.init_mpu)
    invSqrt                                  0x080079ad   Thumb Code    40  imu.o(i.invSqrt)
    main                                     0x080079d9   Thumb Code  1390  main.o(i.main)
    marker_kalman_1x1_init                   0x08007f55   Thumb Code    58  control.o(i.marker_kalman_1x1_init)
    optical_kalman_init                      0x08007f9d   Thumb Code    58  par_optical.o(i.optical_kalman_init)
    recieve_sbus_radio                       0x08007fe5   Thumb Code   296  rc.o(i.recieve_sbus_radio)
    sqrt                                     0x0800810d   Thumb Code   110  sqrt.o(i.sqrt)
    ultra_filter_lpf                         0x0800817d   Thumb Code    42  altitude.o(i.ultra_filter_lpf)
    update_Accel_weight                      0x080081ad   Thumb Code   232  imu.o(i.update_Accel_weight)
    window_get_data                          0x080082cd   Thumb Code     2  odometery.o(i.window_get_data)
    window_kalman_1x1_init                   0x080082d1   Thumb Code    58  control.o(i.window_kalman_1x1_init)
    APBAHBPrescTable                         0x08008318   Data          16  stm32f4xx_hal_rcc.o(.constdata)
    __mathlib_zero                           0x08008440   Data           8  qnan.o(.constdata)
    Region$$Table$$Base                      0x08008598   Number         0  anon$$obj.o(Region$$Table)
    Region$$Table$$Limit                     0x080085b8   Number         0  anon$$obj.o(Region$$Table)
    time                                     0x20000008   Data           4  main.o(.data)
    time_err                                 0x2000000c   Data           4  main.o(.data)
    err_time                                 0x20000010   Data           4  main.o(.data)
    moj_counter_usart_intrupt                0x20000014   Data           4  main.o(.data)
    omid                                     0x20000018   Data           4  main.o(.data)
    counter_mpc_usart                        0x2000001c   Data           4  main.o(.data)
    lock_time                                0x20000020   Data           4  main.o(.data)
    clock_time                               0x20000028   Data           8  main.o(.data)
    counter                                  0x20000030   Data           8  main.o(.data)
    start_vel_z_kalman                       0x20000038   Data           4  altitude.o(.data)
    counter_loop                             0x2000003c   Data           4  altitude.o(.data)
    flag_for_start_optical                   0x20000040   Data           4  control.o(.data)
    counter_for_landing                      0x20000044   Data           4  control.o(.data)
    hover_flag                               0x20000048   Data           4  control.o(.data)
    counter_disable_enable                   0x2000004c   Data           4  control.o(.data)
    optical_on_off_flag                      0x20000050   Data           4  control.o(.data)
    counter_flag_for_accept_window           0x20000054   Data           4  control.o(.data)
    land_marker                              0x20000058   Data           4  control.o(.data)
    go_forward                               0x2000005c   Data           4  control.o(.data)
    move_on_line_flag                        0x20000060   Data           4  control.o(.data)
    counter_stop_velocity                    0x20000064   Data           4  control.o(.data)
    conter_stop_controller_altitude          0x20000068   Data           4  control.o(.data)
    flag_stop_controller_altitude            0x2000006c   Data           4  control.o(.data)
    change_coe_flag_for_window               0x20000070   Data           4  control.o(.data)
    flag_for_back                            0x20000074   Data           4  control.o(.data)
    Alt_Setpoint_state                       0x20000078   Data           4  control.o(.data)
    Throttle_bias                            0x2000007c   Data           4  control.o(.data)
    Motor_force                              0x20000080   Data           4  control.o(.data)
    On_Ground_Altitude                       0x20000084   Data           4  control.o(.data)
    marker_count_buff                        0x20000088   Data           4  control.o(.data)
    window_count_buff                        0x2000008c   Data           4  control.o(.data)
    position_error                           0x20000090   Data           4  control.o(.data)
    flag_for_start_pixracer_altitude         0x20000094   Data           4  control.o(.data)
    counter_for_disable_pixracer_altitude    0x20000098   Data           4  control.o(.data)
    flag_for_pixracer_altitude               0x2000009c   Data           4  control.o(.data)
    flag_for_change_altitude_setpoint        0x200000a0   Data           4  control.o(.data)
    landing_flag                             0x200000a4   Data           4  control.o(.data)
    counter_for_sure_go_forward              0x200000a8   Data           4  control.o(.data)
    start_take_off_optical                   0x200000ac   Data           4  control.o(.data)
    eslahe_data_marker                       0x200000b0   Data           4  control.o(.data)
    pitch_correct                            0x200000b4   Data           4  control.o(.data)
    roll_correct                             0x200000b8   Data           4  control.o(.data)
    count                                    0x200000bc   Data           4  control.o(.data)
    con_                                     0x200000c0   Data           2  eeprom.o(.data)
    moj_interupt_usart_rc                    0x200000c4   Data           4  mpc.o(.data)
    _con                                     0x200000c8   Data           2  mpu6050.o(.data)
    SBUS_Failsafe_Active                     0x200000ca   Data           1  rc.o(.data)
    SBUS_Lost_Frame                          0x200000cb   Data           1  rc.o(.data)
    SBUS_Current_Channel                     0x200000cc   Data           1  rc.o(.data)
    SBUS_Current_Channel_Bit                 0x200000cd   Data           1  rc.o(.data)
    SBUS_Current_Packet_Bit                  0x200000ce   Data           1  rc.o(.data)
    SBUS_Packet_Position                     0x200000cf   Data           1  rc.o(.data)
    optical_c_x                              0x200000d0   Data           4  par_optical.o(.data)
    optical_c_y                              0x200000d4   Data           4  par_optical.o(.data)
    counter_mpc_for_check                    0x200000d8   Data           8  par_optical.o(.data)
    SystemCoreClock                          0x200000e0   Data           4  system_stm32f4xx.o(.data)
    AHBPrescTable                            0x200000e4   Data          16  system_stm32f4xx.o(.data)
    hi2c1                                    0x200000f8   Data          60  main.o(.bss)
    hi2c3                                    0x20000134   Data          60  main.o(.bss)
    htim3                                    0x20000170   Data          60  main.o(.bss)
    htim13                                   0x200001ac   Data          60  main.o(.bss)
    huart4                                   0x200001e8   Data          64  main.o(.bss)
    huart3                                   0x20000228   Data          64  main.o(.bss)
    huart2                                   0x20000268   Data          64  main.o(.bss)
    huart1                                   0x200002a8   Data          64  main.o(.bss)
    hdma_uart4_rx                            0x200002e8   Data          80  main.o(.bss)
    hdma_usart3_rx                           0x20000338   Data          80  main.o(.bss)
    hdma_usart2_rx                           0x20000388   Data          80  main.o(.bss)
    hdma_usart1_rx                           0x200003d8   Data          80  main.o(.bss)
    Ultra                                    0x20000428   Data         112  altitude.o(.bss)
    Altitude                                 0x20000498   Data         156  control.o(.bss)
    Altitude_Velocity                        0x20000534   Data         156  control.o(.bss)
    Velocity                                 0x200005d0   Data         468  control.o(.bss)
    ORB_position                             0x200007a4   Data         468  control.o(.bss)
    Marker_Position                          0x20000978   Data         468  control.o(.bss)
    window_detection                         0x20000b4c   Data         468  control.o(.bss)
    vel_marker_x                             0x20000d20   Data          44  control.o(.bss)
    vel_marker_y                             0x20000d4c   Data          44  control.o(.bss)
    window_x                                 0x20000d78   Data          44  control.o(.bss)
    window_y                                 0x20000da4   Data          44  control.o(.bss)
    pitch                                    0x20000dd0   Data         200  control.o(.bss)
    roll                                     0x20000e98   Data         200  control.o(.bss)
    Mahony                                   0x20000f60   Data          96  imu.o(.bss)
    z_vel                                    0x20000fc0   Data          44  kalman.o(.bss)
    orb_pos                                  0x20000fec   Data          44  kalman.o(.bss)
    MPC                                      0x20001018   Data         412  mpc.o(.bss)
    MPC_2                                    0x200011b4   Data         412  mpc.o(.bss)
    Mpu                                      0x20001350   Data         152  mpu6050.o(.bss)
    RC                                       0x200013e8   Data         188  rc.o(.bss)
    SBUS                                     0x200014a4   Data         108  rc.o(.bss)
    SBUS_Channel_Data                        0x20001510   Data          72  rc.o(.bss)
    SBUS_Packet_Data                         0x20001558   Data          25  rc.o(.bss)
    Cam_Position                             0x20001574   Data         188  odometery.o(.bss)
    ORB_Position                             0x20001630   Data         188  odometery.o(.bss)
    Cam_X_Kalman                             0x200016ec   Data         196  odometery.o(.bss)
    Cam_Y_Kalman                             0x200017b0   Data         196  odometery.o(.bss)
    Cam_Z_Kalman                             0x20001874   Data         196  odometery.o(.bss)
    ORB_X_Kalman                             0x20001938   Data         196  odometery.o(.bss)
    ORB_Y_Kalman                             0x200019fc   Data         196  odometery.o(.bss)
    optical_par                              0x20001ac0   Data         188  par_optical.o(.bss)
    x_vel                                    0x20001b7c   Data          44  par_optical.o(.bss)
    y_vel                                    0x20001ba8   Data          44  par_optical.o(.bss)
    __initial_sp                             0x20001fd8   Data           0  startup_stm32f407xx.o(STACK)



==============================================================================

Memory Map of the image

  Image Entry point : 0x08000189

  Load Region LR_IROM1 (Base: 0x08000000, Size: 0x000086b0, Max: 0x00100000, ABSOLUTE)

    Execution Region ER_IROM1 (Base: 0x08000000, Size: 0x000085b8, Max: 0x00100000, ABSOLUTE)

    Base Addr    Size         Type   Attr      Idx    E Section Name        Object

    0x08000000   0x00000188   Data   RO            3    RESET               startup_stm32f407xx.o
    0x08000188   0x00000000   Code   RO         3832  * .ARM.Collect$$$$00000000  mc_w.l(entry.o)
    0x08000188   0x00000004   Code   RO         3908    .ARM.Collect$$$$00000001  mc_w.l(entry2.o)
    0x0800018c   0x00000004   Code   RO         3911    .ARM.Collect$$$$00000004  mc_w.l(entry5.o)
    0x08000190   0x00000000   Code   RO         3913    .ARM.Collect$$$$00000008  mc_w.l(entry7b.o)
    0x08000190   0x00000000   Code   RO         3915    .ARM.Collect$$$$0000000A  mc_w.l(entry8b.o)
    0x08000190   0x00000008   Code   RO         3916    .ARM.Collect$$$$0000000B  mc_w.l(entry9a.o)
    0x08000198   0x00000000   Code   RO         3918    .ARM.Collect$$$$0000000D  mc_w.l(entry10a.o)
    0x08000198   0x00000000   Code   RO         3920    .ARM.Collect$$$$0000000F  mc_w.l(entry11a.o)
    0x08000198   0x00000004   Code   RO         3909    .ARM.Collect$$$$00002712  mc_w.l(entry2.o)
    0x0800019c   0x00000024   Code   RO            4    .text               startup_stm32f407xx.o
    0x080001c0   0x00000062   Code   RO         3835    .text               mc_w.l(uldiv.o)
    0x08000222   0x00000024   Code   RO         3837    .text               mc_w.l(memcpya.o)
    0x08000246   0x0000014e   Code   RO         3841    .text               mf_w.l(dadd.o)
    0x08000394   0x000000e4   Code   RO         3843    .text               mf_w.l(dmul.o)
    0x08000478   0x000000de   Code   RO         3845    .text               mf_w.l(ddiv.o)
    0x08000556   0x00000022   Code   RO         3847    .text               mf_w.l(dflti.o)
    0x08000578   0x00000026   Code   RO         3849    .text               mf_w.l(f2d.o)
    0x0800059e   0x00000002   PAD
    0x080005a0   0x00000030   Code   RO         3851    .text               mf_w.l(cdcmple.o)
    0x080005d0   0x00000038   Code   RO         3853    .text               mf_w.l(d2f.o)
    0x08000608   0x0000001e   Code   RO         3922    .text               mc_w.l(llshl.o)
    0x08000626   0x00000020   Code   RO         3924    .text               mc_w.l(llushr.o)
    0x08000646   0x00000024   Code   RO         3926    .text               mc_w.l(llsshr.o)
    0x0800066a   0x00000000   Code   RO         3935    .text               mc_w.l(iusefp.o)
    0x0800066a   0x0000006e   Code   RO         3936    .text               mf_w.l(fepilogue.o)
    0x080006d8   0x000000ba   Code   RO         3938    .text               mf_w.l(depilogue.o)
    0x08000792   0x000000a2   Code   RO         3942    .text               mf_w.l(dsqrt.o)
    0x08000834   0x00000024   Code   RO         3944    .text               mc_w.l(init.o)
    0x08000858   0x0000001a   Code   RO         3946    .text               mf_w.l(dfltui.o)
    0x08000872   0x0000003e   Code   RO         3948    .text               mf_w.l(dfixi.o)
    0x080008b0   0x00000100   Code   RO         3276    i.Calculate_Static_Acc  imu.o
    0x080009b0   0x000000c4   Code   RO         3608    i.Cam_Kalman_init   odometery.o
    0x08000a74   0x00000084   Code   RO         3385    i.Check_MPC_IRQ     mpc.o
    0x08000af8   0x00000154   Code   RO         3092    i.Control           control.o
    0x08000c4c   0x000000e0   Code   RO         3093    i.Control_Altitude_Velocity  control.o
    0x08000d2c   0x0000000c   Code   RO         2904    i.DMA1_Stream1_IRQHandler  stm32f4xx_it.o
    0x08000d38   0x0000000c   Code   RO         2905    i.DMA1_Stream2_IRQHandler  stm32f4xx_it.o
    0x08000d44   0x0000000c   Code   RO         2906    i.DMA1_Stream5_IRQHandler  stm32f4xx_it.o
    0x08000d50   0x0000000c   Code   RO         2907    i.DMA2_Stream2_IRQHandler  stm32f4xx_it.o
    0x08000d5c   0x00000028   Code   RO          557    i.DMA_SetConfig     stm32f4xx_hal_dma.o
    0x08000d84   0x00000028   Code   RO         3232    i.EEPROM_Read_int16_t  eeprom.o
    0x08000dac   0x0000002c   Code   RO         3234    i.EEPROM_Write_int16_t  eeprom.o
    0x08000dd8   0x00000006   Code   RO         2908    i.EXTI1_IRQHandler  stm32f4xx_it.o
    0x08000dde   0x00000008   Code   RO         2909    i.EXTI9_5_IRQHandler  stm32f4xx_it.o
    0x08000de6   0x00000002   PAD
    0x08000de8   0x00000054   Code   RO          558    i.HAL_DMA_Abort     stm32f4xx_hal_dma.o
    0x08000e3c   0x00000f6c   Code   RO          562    i.HAL_DMA_IRQHandler  stm32f4xx_hal_dma.o
    0x08001da8   0x00000070   Code   RO          563    i.HAL_DMA_Init      stm32f4xx_hal_dma.o
    0x08001e18   0x0000006c   Code   RO          566    i.HAL_DMA_Start_IT  stm32f4xx_hal_dma.o
    0x08001e84   0x00000016   Code   RO           20    i.HAL_Delay         stm32f4xx_hal.o
    0x08001e9a   0x00000002   PAD
    0x08001e9c   0x00000064   Code   RO         2745    i.HAL_GPIO_EXTI_Callback  main.o
    0x08001f00   0x00000018   Code   RO         1461    i.HAL_GPIO_EXTI_IRQHandler  stm32f4xx_hal_gpio.o
    0x08001f18   0x000001b8   Code   RO         1462    i.HAL_GPIO_Init     stm32f4xx_hal_gpio.o
    0x080020d0   0x0000000a   Code   RO         1464    i.HAL_GPIO_ReadPin  stm32f4xx_hal_gpio.o
    0x080020da   0x0000000a   Code   RO         1466    i.HAL_GPIO_WritePin  stm32f4xx_hal_gpio.o
    0x080020e4   0x0000000c   Code   RO           26    i.HAL_GetTick       stm32f4xx_hal.o
    0x080020f0   0x00000180   Code   RO          257    i.HAL_I2C_EV_IRQHandler  stm32f4xx_hal_i2c.o
    0x08002270   0x00000002   Code   RO         2746    i.HAL_I2C_MasterRxCpltCallback  main.o
    0x08002272   0x00000002   Code   RO          264    i.HAL_I2C_MasterTxCpltCallback  stm32f4xx_hal_i2c.o
    0x08002274   0x00000002   Code   RO          271    i.HAL_I2C_MemRxCpltCallback  stm32f4xx_hal_i2c.o
    0x08002276   0x00000002   Code   RO          272    i.HAL_I2C_MemTxCpltCallback  stm32f4xx_hal_i2c.o
    0x08002278   0x000001b8   Code   RO          273    i.HAL_I2C_Mem_Read  stm32f4xx_hal_i2c.o
    0x08002430   0x000000d4   Code   RO          276    i.HAL_I2C_Mem_Write  stm32f4xx_hal_i2c.o
    0x08002504   0x00000002   Code   RO          281    i.HAL_I2C_SlaveRxCpltCallback  stm32f4xx_hal_i2c.o
    0x08002506   0x00000002   PAD
    0x08002508   0x00000010   Code   RO           27    i.HAL_IncTick       stm32f4xx_hal.o
    0x08002518   0x00000034   Code   RO           28    i.HAL_Init          stm32f4xx_hal.o
    0x0800254c   0x00000022   Code   RO           29    i.HAL_InitTick      stm32f4xx_hal.o
    0x0800256e   0x00000016   Code   RO         2983    i.HAL_MspInit       stm32f4xx_hal_msp.o
    0x08002584   0x00000016   Code   RO         1644    i.HAL_NVIC_DisableIRQ  stm32f4xx_hal_cortex.o
    0x0800259a   0x00000016   Code   RO         1645    i.HAL_NVIC_EnableIRQ  stm32f4xx_hal_cortex.o
    0x080025b0   0x00000040   Code   RO         1651    i.HAL_NVIC_SetPriority  stm32f4xx_hal_cortex.o
    0x080025f0   0x00000024   Code   RO         1652    i.HAL_NVIC_SetPriorityGrouping  stm32f4xx_hal_cortex.o
    0x08002614   0x000001b8   Code   RO         2000    i.HAL_RCC_ClockConfig  stm32f4xx_hal_rcc.o
    0x080027cc   0x00000034   Code   RO         2005    i.HAL_RCC_GetHCLKFreq  stm32f4xx_hal_rcc.o
    0x08002800   0x0000002c   Code   RO         2007    i.HAL_RCC_GetPCLK1Freq  stm32f4xx_hal_rcc.o
    0x0800282c   0x0000002c   Code   RO         2008    i.HAL_RCC_GetPCLK2Freq  stm32f4xx_hal_rcc.o
    0x08002858   0x00000074   Code   RO         2009    i.HAL_RCC_GetSysClockFreq  stm32f4xx_hal_rcc.o
    0x080028cc   0x00000334   Code   RO         2012    i.HAL_RCC_OscConfig  stm32f4xx_hal_rcc.o
    0x08002c00   0x00000002   Code   RO         1655    i.HAL_SYSTICK_Callback  stm32f4xx_hal_cortex.o
    0x08002c02   0x00000028   Code   RO         1656    i.HAL_SYSTICK_Config  stm32f4xx_hal_cortex.o
    0x08002c2a   0x00000008   Code   RO         1657    i.HAL_SYSTICK_IRQHandler  stm32f4xx_hal_cortex.o
    0x08002c32   0x00000002   Code   RO         1760    i.HAL_TIMEx_BreakCallback  stm32f4xx_hal_tim_ex.o
    0x08002c34   0x00000002   Code   RO         1761    i.HAL_TIMEx_CommutationCallback  stm32f4xx_hal_tim_ex.o
    0x08002c36   0x00000050   Code   RO         1777    i.HAL_TIMEx_MasterConfigSynchronization  stm32f4xx_hal_tim_ex.o
    0x08002c86   0x00000030   Code   RO          725    i.HAL_TIM_Base_Init  stm32f4xx_hal_tim.o
    0x08002cb6   0x00000002   PAD
    0x08002cb8   0x00000068   Code   RO         2985    i.HAL_TIM_Base_MspInit  stm32f4xx_hal_msp.o
    0x08002d20   0x0000001a   Code   RO          728    i.HAL_TIM_Base_Start  stm32f4xx_hal_tim.o
    0x08002d3a   0x00000018   Code   RO          730    i.HAL_TIM_Base_Start_IT  stm32f4xx_hal_tim.o
    0x08002d52   0x000000f2   Code   RO          734    i.HAL_TIM_ConfigClockSource  stm32f4xx_hal_tim.o
    0x08002e44   0x00000002   Code   RO          754    i.HAL_TIM_IC_CaptureCallback  stm32f4xx_hal_tim.o
    0x08002e46   0x00000166   Code   RO          767    i.HAL_TIM_IRQHandler  stm32f4xx_hal_tim.o
    0x08002fac   0x00000056   Code   RO          768    i.HAL_TIM_OC_ConfigChannel  stm32f4xx_hal_tim.o
    0x08003002   0x00000002   PAD
    0x08003004   0x00000028   Code   RO         2747    i.HAL_TIM_OC_DelayElapsedCallback  main.o
    0x0800302c   0x00000030   Code   RO          772    i.HAL_TIM_OC_Init   stm32f4xx_hal_tim.o
    0x0800305c   0x00000002   Code   RO          774    i.HAL_TIM_OC_MspInit  stm32f4xx_hal_tim.o
    0x0800305e   0x00000002   PAD
    0x08003060   0x0000006c   Code   RO          777    i.HAL_TIM_OC_Start_IT  stm32f4xx_hal_tim.o
    0x080030cc   0x00000002   Code   RO          797    i.HAL_TIM_PWM_PulseFinishedCallback  stm32f4xx_hal_tim.o
    0x080030ce   0x00000002   Code   RO          804    i.HAL_TIM_PeriodElapsedCallback  stm32f4xx_hal_tim.o
    0x080030d0   0x00000002   Code   RO          808    i.HAL_TIM_TriggerCallback  stm32f4xx_hal_tim.o
    0x080030d2   0x00000032   Code   RO         2518    i.HAL_UART_DMAStop  stm32f4xx_hal_uart.o
    0x08003104   0x00000002   Code   RO         2520    i.HAL_UART_ErrorCallback  stm32f4xx_hal_uart.o
    0x08003106   0x0000005a   Code   RO         2524    i.HAL_UART_Init     stm32f4xx_hal_uart.o
    0x08003160   0x000001b0   Code   RO         2987    i.HAL_UART_MspInit  stm32f4xx_hal_msp.o
    0x08003310   0x00000088   Code   RO         2528    i.HAL_UART_Receive_DMA  stm32f4xx_hal_uart.o
    0x08003398   0x0000004c   Code   RO         2748    i.HAL_UART_RxCpltCallback  main.o
    0x080033e4   0x00000002   Code   RO         2531    i.HAL_UART_RxHalfCpltCallback  stm32f4xx_hal_uart.o
    0x080033e6   0x00000002   PAD
    0x080033e8   0x000000cc   Code   RO         2532    i.HAL_UART_Transmit  stm32f4xx_hal_uart.o
    0x080034b4   0x0000000c   Code   RO         2910    i.I2C1_EV_IRQHandler  stm32f4xx_it.o
    0x080034c0   0x000000a4   Code   RO          296    i.I2C_MasterReceive_BTF  stm32f4xx_hal_i2c.o
    0x08003564   0x00000088   Code   RO          297    i.I2C_MasterReceive_RXNE  stm32f4xx_hal_i2c.o
    0x080035ec   0x00000064   Code   RO          300    i.I2C_MasterTransmit_BTF  stm32f4xx_hal_i2c.o
    0x08003650   0x000000e0   Code   RO          301    i.I2C_RequestMemoryRead  stm32f4xx_hal_i2c.o
    0x08003730   0x00000090   Code   RO          302    i.I2C_RequestMemoryWrite  stm32f4xx_hal_i2c.o
    0x080037c0   0x0000008a   Code   RO          303    i.I2C_WaitOnFlagUntilTimeout  stm32f4xx_hal_i2c.o
    0x0800384a   0x00000002   PAD
    0x0800384c   0x00000088   Code   RO          304    i.I2C_WaitOnMasterAddressFlagUntilTimeout  stm32f4xx_hal_i2c.o
    0x080038d4   0x00000104   Code   RO         2749    i.MX_GPIO_Init      main.o
    0x080039d8   0x00000054   Code   RO         2751    i.MX_TIM13_Init     main.o
    0x08003a2c   0x00000060   Code   RO         2752    i.MX_TIM3_Init      main.o
    0x08003a8c   0x000000f8   Code   RO         2753    i.M_I2C_Init        main.o
    0x08003b84   0x00000080   Code   RO         2754    i.M_I2C_init        main.o
    0x08003c04   0x00000160   Code   RO         3277    i.MahonyAHRSupdateIMU  imu.o
    0x08003d64   0x00000032   Code   RO         3386    i.Mpc_Empty_Data    mpc.o
    0x08003d96   0x00000002   PAD
    0x08003d98   0x0000004e   Code   RO         3387    i.Mpc_Fill_Data     mpc.o
    0x08003de6   0x00000002   PAD
    0x08003de8   0x0000003c   Code   RO         3388    i.Mpc_Send_Data     mpc.o
    0x08003e24   0x00000108   Code   RO         3389    i.Mpc_decode        mpc.o
    0x08003f2c   0x0000001e   Code   RO         3448    i.Mpu_Read          mpu6050.o
    0x08003f4a   0x00000002   PAD
    0x08003f4c   0x000000c0   Code   RO         3449    i.Mpu_Read_acc      mpu6050.o
    0x0800400c   0x00000108   Code   RO         3450    i.Mpu_Read_gyro     mpu6050.o
    0x08004114   0x0000001c   Code   RO         3451    i.Mpu_Write         mpu6050.o
    0x08004130   0x00000018   Code   RO         3452    i.Mpu_update        mpu6050.o
    0x08004148   0x00000020   Code   RO         1658    i.NVIC_SetPriority  stm32f4xx_hal_cortex.o
    0x08004168   0x00000002   Code   RO         3098    i.Point2Controller  control.o
    0x0800416a   0x00000002   PAD
    0x0800416c   0x00000028   Code   RO         3099    i.Quad_Off          control.o
    0x08004194   0x00000028   Code   RO         3100    i.Quad_On           control.o
    0x080041bc   0x0000036c   Code   RO         3530    i.RC_2_SetPoint     rc.o
    0x08004528   0x00000134   Code   RO         3531    i.RC_Calib          rc.o
    0x0800465c   0x00000012   Code   RO         3532    i.RC_Init           rc.o
    0x0800466e   0x00000086   Code   RO         3533    i.RC_Read_EEPROM    rc.o
    0x080046f4   0x00000002   Code   RO         3101    i.Rc2Controller     control.o
    0x080046f6   0x00000002   PAD
    0x080046f8   0x000001a8   Code   RO         3042    i.Read_Srf          altitude.o
    0x080048a0   0x0000014c   Code   RO         3534    i.SBUS_Packet_fly_mode  rc.o
    0x080049ec   0x0000012c   Code   RO         3102    i.Set_zero_system_state  control.o
    0x08004b18   0x0000000e   Code   RO         2911    i.SysTick_Handler   stm32f4xx_it.o
    0x08004b26   0x00000002   PAD
    0x08004b28   0x00000064   Code   RO         2755    i.SystemClock_Config  main.o
    0x08004b8c   0x00000054   Code   RO         3720    i.SystemInit        system_stm32f4xx.o
    0x08004be0   0x0000000c   Code   RO         2912    i.TIM3_IRQHandler   stm32f4xx_it.o
    0x08004bec   0x000000c0   Code   RO          809    i.TIM_Base_SetConfig  stm32f4xx_hal_tim.o
    0x08004cac   0x00000016   Code   RO          810    i.TIM_CCxChannelCmd  stm32f4xx_hal_tim.o
    0x08004cc2   0x00000014   Code   RO          816    i.TIM_ETR_SetConfig  stm32f4xx_hal_tim.o
    0x08004cd6   0x00000010   Code   RO          817    i.TIM_ITRx_SetConfig  stm32f4xx_hal_tim.o
    0x08004ce6   0x00000002   PAD
    0x08004ce8   0x00000058   Code   RO          818    i.TIM_OC1_SetConfig  stm32f4xx_hal_tim.o
    0x08004d40   0x00000064   Code   RO          819    i.TIM_OC2_SetConfig  stm32f4xx_hal_tim.o
    0x08004da4   0x00000060   Code   RO          820    i.TIM_OC3_SetConfig  stm32f4xx_hal_tim.o
    0x08004e04   0x00000050   Code   RO          821    i.TIM_OC4_SetConfig  stm32f4xx_hal_tim.o
    0x08004e54   0x00000022   Code   RO          823    i.TIM_TI1_ConfigInputStage  stm32f4xx_hal_tim.o
    0x08004e76   0x00000024   Code   RO          825    i.TIM_TI2_ConfigInputStage  stm32f4xx_hal_tim.o
    0x08004e9a   0x0000001e   Code   RO         2537    i.UART_DMAError     stm32f4xx_hal_uart.o
    0x08004eb8   0x00000036   Code   RO         2538    i.UART_DMAReceiveCplt  stm32f4xx_hal_uart.o
    0x08004eee   0x0000000a   Code   RO         2539    i.UART_DMARxHalfCplt  stm32f4xx_hal_uart.o
    0x08004ef8   0x00000178   Code   RO         2543    i.UART_SetConfig    stm32f4xx_hal_uart.o
    0x08005070   0x00000092   Code   RO         2545    i.UART_WaitOnFlagUntilTimeout  stm32f4xx_hal_uart.o
    0x08005102   0x00000002   PAD
    0x08005104   0x000002f8   Code   RO         3278    i.Update_Euler_angles  imu.o
    0x080053fc   0x000000ac   Code   RO         3453    i.Update_Gravity    mpu6050.o
    0x080054a8   0x00000058   Code   RO         3279    i.Update_IMU_Data_Mahony  imu.o
    0x08005500   0x00000052   Code   RO         3338    i.Update_Kalman1x1  kalman.o
    0x08005552   0x00000002   PAD
    0x08005554   0x00000108   Code   RO         3044    i.Vel_z             altitude.o
    0x0800565c   0x0000034c   Code   RO         3105    i.Window_detection  control.o
    0x080059a8   0x00000030   Code   RO         3886    i.__ARM_fpclassify  m_wm.l(fpclassify.o)
    0x080059d8   0x00000360   Code   RO         3752    i.__hardfp_asin     m_wm.l(asin.o)
    0x08005d38   0x000002d8   Code   RO         3855    i.__hardfp_atan     m_wm.l(atan.o)
    0x08006010   0x000001f0   Code   RO         3766    i.__hardfp_atan2    m_wm.l(atan2.o)
    0x08006200   0x00000014   Code   RO         3790    i.__hardfp_fabs     m_wm.l(fabs.o)
    0x08006214   0x00000004   PAD
    0x08006218   0x000000c8   Code   RO         3796    i.__hardfp_sin      m_wm.l(sin.o)
    0x080062e0   0x0000007a   Code   RO         3808    i.__hardfp_sqrt     m_wm.l(sqrt.o)
    0x0800635a   0x00000006   PAD
    0x08006360   0x00000080   Code   RO         3820    i.__hardfp_tan      m_wm.l(tan.o)
    0x080063e0   0x00000438   Code   RO         3891    i.__ieee754_rem_pio2  m_wm.l(rred.o)
    0x08006818   0x00000170   Code   RO         3869    i.__kernel_cos      m_wm.l(cos_i.o)
    0x08006988   0x000000f8   Code   RO         3888    i.__kernel_poly     m_wm.l(poly.o)
    0x08006a80   0x00000130   Code   RO         3896    i.__kernel_sin      m_wm.l(sin_i.o)
    0x08006bb0   0x00000350   Code   RO         3902    i.__kernel_tan      m_wm.l(tan_i.o)
    0x08006f00   0x00000014   Code   RO         3873    i.__mathlib_dbl_infnan  m_wm.l(dunder.o)
    0x08006f14   0x00000014   Code   RO         3874    i.__mathlib_dbl_infnan2  m_wm.l(dunder.o)
    0x08006f28   0x00000020   Code   RO         3875    i.__mathlib_dbl_invalid  m_wm.l(dunder.o)
    0x08006f48   0x00000020   Code   RO         3878    i.__mathlib_dbl_underflow  m_wm.l(dunder.o)
    0x08006f68   0x0000000e   Code   RO         3952    i.__scatterload_copy  mc_w.l(handlers.o)
    0x08006f76   0x00000002   Code   RO         3953    i.__scatterload_null  mc_w.l(handlers.o)
    0x08006f78   0x0000000e   Code   RO         3954    i.__scatterload_zeroinit  mc_w.l(handlers.o)
    0x08006f86   0x00000002   PAD
    0x08006f88   0x0000000c   Code   RO         3930    i.__set_errno       mc_w.l(errno.o)
    0x08006f94   0x000000b4   Code   RO         3106    i.altitude_control  control.o
    0x08007048   0x00000010   Code   RO         3857    i.atan              m_wm.l(atan.o)
    0x08007058   0x00000208   Code   RO         3107    i.control_init_     control.o
    0x08007260   0x00000528   Code   RO         3677    i.do_optical_par    par_optical.o
    0x08007788   0x00000018   Code   RO         3792    i.fabs              m_wm.l(fabs.o)
    0x080077a0   0x0000002c   Code   RO         3536    i.fsign             rc.o
    0x080077cc   0x000000d4   Code   RO         3454    i.gyro_calib        mpu6050.o
    0x080078a0   0x0000010c   Code   RO         3455    i.init_mpu          mpu6050.o
    0x080079ac   0x0000002c   Code   RO         3280    i.invSqrt           imu.o
    0x080079d8   0x0000057c   Code   RO         2756    i.main              main.o
    0x08007f54   0x00000048   Code   RO         3108    i.marker_kalman_1x1_init  control.o
    0x08007f9c   0x00000048   Code   RO         3678    i.optical_kalman_init  par_optical.o
    0x08007fe4   0x00000128   Code   RO         3537    i.recieve_sbus_radio  rc.o
    0x0800810c   0x0000006e   Code   RO         3810    i.sqrt              m_wm.l(sqrt.o)
    0x0800817a   0x00000002   PAD
    0x0800817c   0x00000030   Code   RO         3045    i.ultra_filter_lpf  altitude.o
    0x080081ac   0x00000120   Code   RO         3281    i.update_Accel_weight  imu.o
    0x080082cc   0x00000002   Code   RO         3614    i.window_get_data   odometery.o
    0x080082ce   0x00000002   PAD
    0x080082d0   0x00000048   Code   RO         3109    i.window_kalman_1x1_init  control.o
    0x08008318   0x00000010   Data   RO         2013    .constdata          stm32f4xx_hal_rcc.o
    0x08008328   0x00000050   Data   RO         3755    .constdata          m_wm.l(asin.o)
    0x08008378   0x00000098   Data   RO         3858    .constdata          m_wm.l(atan.o)
    0x08008410   0x00000030   Data   RO         3870    .constdata          m_wm.l(cos_i.o)
    0x08008440   0x00000008   Data   RO         3890    .constdata          m_wm.l(qnan.o)
    0x08008448   0x000000c8   Data   RO         3893    .constdata          m_wm.l(rred.o)
    0x08008510   0x00000028   Data   RO         3897    .constdata          m_wm.l(sin_i.o)
    0x08008538   0x00000060   Data   RO         3903    .constdata          m_wm.l(tan_i.o)
    0x08008598   0x00000020   Data   RO         3950    Region$$Table       anon$$obj.o


    Execution Region RW_IRAM1 (Base: 0x20000000, Size: 0x00001fd8, Max: 0x00020000, ABSOLUTE)

    Base Addr    Size         Type   Attr      Idx    E Section Name        Object

    0x20000000   0x00000004   Data   RW           34    .data               stm32f4xx_hal.o
    0x20000004   0x00000004   PAD
    0x20000008   0x00000030   Data   RW         2765    .data               main.o
    0x20000038   0x00000008   Data   RW         3047    .data               altitude.o
    0x20000040   0x00000080   Data   RW         3112    .data               control.o
    0x200000c0   0x00000002   Data   RW         3235    .data               eeprom.o
    0x200000c2   0x00000002   PAD
    0x200000c4   0x00000004   Data   RW         3392    .data               mpc.o
    0x200000c8   0x00000002   Data   RW         3458    .data               mpu6050.o
    0x200000ca   0x00000006   Data   RW         3539    .data               rc.o
    0x200000d0   0x00000010   Data   RW         3685    .data               par_optical.o
    0x200000e0   0x00000014   Data   RW         3721    .data               system_stm32f4xx.o
    0x200000f4   0x00000004   Data   RW         3931    .data               mc_w.l(errno.o)
    0x200000f8   0x000001f0   Zero   RW         2757    .bss                main.o
    0x200002e8   0x00000050   Zero   RW         2758    .bss                main.o
    0x20000338   0x00000050   Zero   RW         2759    .bss                main.o
    0x20000388   0x00000050   Zero   RW         2760    .bss                main.o
    0x200003d8   0x00000050   Zero   RW         2761    .bss                main.o
    0x20000428   0x00000070   Zero   RW         3046    .bss                altitude.o
    0x20000498   0x00000ac8   Zero   RW         3110    .bss                control.o
    0x20000f60   0x00000060   Zero   RW         3282    .bss                imu.o
    0x20000fc0   0x0000002c   Zero   RW         3340    .bss                kalman.o
    0x20000fec   0x0000002c   Zero   RW         3341    .bss                kalman.o
    0x20001018   0x0000019c   Zero   RW         3390    .bss                mpc.o
    0x200011b4   0x0000019c   Zero   RW         3391    .bss                mpc.o
    0x20001350   0x00000098   Zero   RW         3457    .bss                mpu6050.o
    0x200013e8   0x00000189   Zero   RW         3538    .bss                rc.o
    0x20001571   0x00000003   PAD
    0x20001574   0x000000bc   Zero   RW         3615    .bss                odometery.o
    0x20001630   0x00000490   Zero   RW         3616    .bss                odometery.o
    0x20001ac0   0x000000bc   Zero   RW         3681    .bss                par_optical.o
    0x20001b7c   0x00000058   Zero   RW         3682    .bss                par_optical.o
    0x20001bd4   0x00000004   PAD
    0x20001bd8   0x00000400   Zero   RW            1    STACK               startup_stm32f407xx.o


==============================================================================

Image component sizes


      Code (inc. data)   RO Data    RW Data    ZI Data      Debug   Object Name

       736         80          0          8        112       4284   altitude.o
      2636        354          0        128       2760      14379   control.o
        84         16          0          2          0       1308   eeprom.o
      1788        120          0          0         96       5557   imu.o
        82          0          0          0         88       2099   kalman.o
      2538        262          0         48        816      19517   main.o
       584         24          0          4        824       5180   mpc.o
      1190         42          0          2        152       8181   mpu6050.o
       198         16          0          0       1356       3529   odometery.o
      1392        132          0         16        276       4579   par_optical.o
      2008         70          0          6        393       7387   rc.o
        36          8        392          0       1024        972   startup_stm32f407xx.o
       136         16          0          4          0     343898   stm32f4xx_hal.o
       226         14          0          0          0      31765   stm32f4xx_hal_cortex.o
      4292         58          0          0          0       4931   stm32f4xx_hal_dma.o
       484         56          0          0          0       3582   stm32f4xx_hal_gpio.o
      2086         44          0          0          0      12268   stm32f4xx_hal_i2c.o
       558         78          0          0          0       2645   stm32f4xx_hal_msp.o
      1516         72         16          0          0       6147   stm32f4xx_hal_rcc.o
      1634         90          0          0          0      16282   stm32f4xx_hal_tim.o
        84          0          0          0          0       2438   stm32f4xx_hal_tim_ex.o
      1100         24          0          0          0       8201   stm32f4xx_hal_uart.o
       100         36          0          0          0       4389   stm32f4xx_it.o
        84         18          0         20          0       1401   system_stm32f4xx.o

    ----------------------------------------------------------------------
     25608       1630        440        244       7904     514919   Object Totals
         0          0         32          0          0          0   (incl. Generated)
        36          0          0          6          7          0   (incl. Padding)

    ----------------------------------------------------------------------

      Code (inc. data)   RO Data    RW Data    ZI Data      Debug   Library Member Name

       864         94         80          0          0        280   asin.o
       744        106        152          0          0        352   atan.o
       496         64          0          0          0        192   atan2.o
       368         46         48          0          0        200   cos_i.o
       104         16          0          0          0        496   dunder.o
        44          0          0          0          0        248   fabs.o
        48          0          0          0          0        124   fpclassify.o
       248          0          0          0          0        152   poly.o
         0          0          8          0          0          0   qnan.o
      1080        142        200          0          0        188   rred.o
       200         20          0          0          0        164   sin.o
       304         24         40          0          0        208   sin_i.o
       232          0          0          0          0        296   sqrt.o
       128         20          0          0          0        144   tan.o
       848         84         96          0          0        196   tan_i.o
         0          0          0          0          0          0   entry.o
         0          0          0          0          0          0   entry10a.o
         0          0          0          0          0          0   entry11a.o
         8          4          0          0          0          0   entry2.o
         4          0          0          0          0          0   entry5.o
         0          0          0          0          0          0   entry7b.o
         0          0          0          0          0          0   entry8b.o
         8          4          0          0          0          0   entry9a.o
        12          6          0          4          0         68   errno.o
        30          0          0          0          0          0   handlers.o
        36          8          0          0          0         68   init.o
         0          0          0          0          0          0   iusefp.o
        30          0          0          0          0         68   llshl.o
        36          0          0          0          0         68   llsshr.o
        32          0          0          0          0         68   llushr.o
        36          0          0          0          0         68   memcpya.o
        98          0          0          0          0         92   uldiv.o
        48          0          0          0          0         68   cdcmple.o
        56          0          0          0          0         88   d2f.o
       334          0          0          0          0        148   dadd.o
       222          0          0          0          0        100   ddiv.o
       186          0          0          0          0        176   depilogue.o
        62          0          0          0          0         80   dfixi.o
        34          0          0          0          0         76   dflti.o
        26          0          0          0          0         76   dfltui.o
       228          0          0          0          0         96   dmul.o
       162          0          0          0          0        100   dsqrt.o
        38          0          0          0          0         68   f2d.o
       110          0          0          0          0        168   fepilogue.o

    ----------------------------------------------------------------------
      7560        638        624          4          0       4984   Library Totals
        16          0          0          0          0          0   (incl. Padding)

    ----------------------------------------------------------------------

      Code (inc. data)   RO Data    RW Data    ZI Data      Debug   Library Name

      5708        616        624          0          0       3240   m_wm.l
       330         22          0          4          0        500   mc_w.l
      1506          0          0          0          0       1244   mf_w.l

    ----------------------------------------------------------------------
      7560        638        624          4          0       4984   Library Totals

    ----------------------------------------------------------------------

==============================================================================


      Code (inc. data)   RO Data    RW Data    ZI Data      Debug   

     33168       2268       1064        248       7904     503575   Grand Totals
     33168       2268       1064        248       7904     503575   ELF Image Totals
     33168       2268       1064        248          0          0   ROM Totals

==============================================================================

    Total RO  Size (Code + RO Data)                34232 (  33.43kB)
    Total RW  Size (RW Data + ZI Data)              8152 (   7.96kB)
    Total ROM Size (Code + RO Data + RW Data)      34480 (  33.67kB)

==============================================================================

