<html>
<body>
<pre>
<h1>µVision Build Log</h1>
<h2>Tool Versions:</h2>
IDE-Version: µVision V5.14.0.0
Copyright (C) 2015 ARM Ltd and ARM Germany GmbH. All rights reserved.
License Information: alireza 1, my_company, LIC=P6FRA-1T8UN-04ASQ-NZFP2-VXYRS-1QUYR
 
Tool Versions:
Toolchain:       MDK-ARM Professional  Version: 5.14.0.0
Toolchain Path:  C:\Keil_v5\ARM\ARMCC\Bin
C Compiler:      Armcc.exe V5.05 update 1 (build 106)
Assembler:       Armasm.exe V5.05 update 1 (build 106)
Linker/Locator:  ArmLink.exe V5.05 update 1 (build 106)
Library Manager: ArmAr.exe V5.05 update 1 (build 106)
Hex Converter:   FromElf.exe V5.05 update 1 (build 106)
CPU DLL:         SARMCM3.DLL V5.14.0.0
Dialog DLL:      DCM.DLL V1.13.1.0
Target DLL:      STLink\ST-LINKIII-KEIL_SWO.dll V2.0.14.0_KEIL
Dialog DLL:      TCM.DLL V1.14.4.0
 
<h2>Project:</h2>
C:\Users\alireza\Desktop\raft_too_oomad_biroon\ultra_salem\MDK-ARM\1.uvprojx
Project File Date:  11/26/2018

<h2>Output:</h2>
Build target '1 Configuration'
compiling Control.c...
..\Inc\RC.h(82): warning:  #1295-D: Deprecated declaration SBUS_Packet_ground_mode - give arg types
  void SBUS_Packet_ground_mode() ; 
..\Inc\RC.h(83): warning:  #1295-D: Deprecated declaration SBUS_Packet_fly_mode - give arg types
  void SBUS_Packet_fly_mode() ;
..\Inc\par_optical.h(77): warning:  #1295-D: Deprecated declaration optical_kalman_init - give arg types
  void optical_kalman_init();
..\Inc\par_optical.h(80): warning:  #1-D: last line of file ends without a newline
  #endif
..\Inc\Control.h(192): warning:  #1295-D: Deprecated declaration First_Person_control - give arg types
  void First_Person_control();
..\Inc\Control.h(198): warning:  #1295-D: Deprecated declaration marker_kalman_1x1_init - give arg types
  void marker_kalman_1x1_init();
..\Inc\Control.h(199): warning:  #1295-D: Deprecated declaration window_kalman_1x1_init - give arg types
  void window_kalman_1x1_init();
..\Src\Control.c(333): warning:  #188-D: enumerated type mixed with another type
                                                HAL_GPIO_WritePin(GPIOE,GPIO_PIN_11,0);
..\Src\Control.c(334): warning:  #188-D: enumerated type mixed with another type
                                                HAL_GPIO_WritePin(GPIOE,GPIO_PIN_14,1);
..\Src\Control.c: 9 warnings, 0 errors
linking...
Program Size: Code=31508 RO-data=1068 RW-data=128 ZI-data=5208  
FromELF: creating hex file...
"1 Configuration\1 Configuration.axf" - 0 Error(s), 9 Warning(s).

<h2>Collection of Component include folders:</h2>
  C:\Users\alireza\Desktop\raft_too_oomad_biroon\ultra_salem\MDK-ARM\RTE
  C:\Keil_v5\ARM\PACK\Keil\STM32F4xx_DFP\2.3.0\Drivers\CMSIS\Device\ST\STM32F4xx\Include

<h2>Collection of Component Files used:</h2>
</pre>
</body>
</html>
