<html>
<body>
<pre>
<h1>µVision Build Log</h1>
<h2>Tool Versions:</h2>
IDE-Version: µVision V5.14.0.0
Copyright (C) 2015 ARM Ltd and ARM Germany GmbH. All rights reserved.
License Information: agha mojtaba ahangar, kn2c, LIC=03CQD-8500K-QBNEE-5T33P-GD9AH-DXK8J
 
Tool Versions:
Toolchain:       MDK-ARM Standard  Version: 5.14.0.0
Toolchain Path:  C:\Keil_v5\ARM\ARMCC\Bin
C Compiler:      Armcc.exe V5.05 update 1 (build 106)
Assembler:       Armasm.exe V5.05 update 1 (build 106)
Linker/Locator:  ArmLink.exe V5.05 update 1 (build 106)
Library Manager: ArmAr.exe V5.05 update 1 (build 106)
Hex Converter:   FromElf.exe V5.05 update 1 (build 106)
CPU DLL:         SARMCM3.DLL V5.14.0.0
Dialog DLL:      DCM.DLL V1.13.1.0
Target DLL:      STLink\ST-LINKIII-KEIL_SWO.dll V2.0.14.0_KEIL
Dialog DLL:      TCM.DLL V1.14.4.0
 
<h2>Project:</h2>
E:\robotic\quade mah\project files\summer_2016\IMAV V2\MDK-ARM\1.uvprojx
Project File Date:  08/08/2016

<h2>Output:</h2>
Build target '1 Configuration'
compiling Control.c...
..\Inc\mavlink/common/../mavlink_types.h(227): warning:  #1-D: last line of file ends without a newline
  #endif /* MAVLINK_TYPES_H_ */
..\Inc\mavlink/common/./mavlink_msg_heartbeat.h(255): warning:  #191-D: type qualifier is meaningless on cast type
        return _MAV_RETURN_uint8_t(msg,  4);
..\Inc\mavlink/common/./mavlink_msg_heartbeat.h(265): warning:  #191-D: type qualifier is meaningless on cast type
        return _MAV_RETURN_uint8_t(msg,  5);
..\Inc\mavlink/common/./mavlink_msg_heartbeat.h(275): warning:  #191-D: type qualifier is meaningless on cast type
        return _MAV_RETURN_uint8_t(msg,  6);
..\Inc\mavlink/common/./mavlink_msg_heartbeat.h(295): warning:  #191-D: type qualifier is meaningless on cast type
        return _MAV_RETURN_uint8_t(msg,  7);
..\Inc\mavlink/common/./mavlink_msg_heartbeat.h(305): warning:  #191-D: type qualifier is meaningless on cast type
        return _MAV_RETURN_uint8_t(msg,  8);
..\Inc\mavlink/common/./mavlink_msg_sys_status.h(409): warning:  #191-D: type qualifier is meaningless on cast type
        return _MAV_RETURN_int8_t(msg,  30);
..\Inc\mavlink/common/./mavlink_msg_ping.h(252): warning:  #191-D: type qualifier is meaningless on cast type
        return _MAV_RETURN_uint8_t(msg,  12);
..\Inc\mavlink/common/./mavlink_msg_ping.h(262): warning:  #191-D: type qualifier is meaningless on cast type
        return _MAV_RETURN_uint8_t(msg,  13);
..\Inc\mavlink/common/./mavlink_msg_change_operator_control.h(224): warning:  #191-D: type qualifier is meaningless on cast type
        return _MAV_RETURN_uint8_t(msg,  0);
..\Inc\mavlink/common/./mavlink_msg_change_operator_control.h(234): warning:  #191-D: type qualifier is meaningless on cast type
        return _MAV_RETURN_uint8_t(msg,  1);
..\Inc\mavlink/common/./mavlink_msg_change_operator_control.h(244): warning:  #191-D: type qualifier is meaningless on cast type
        return _MAV_RETURN_uint8_t(msg,  2);
..\Inc\mavlink/common/./mavlink_msg_change_operator_control_ack.h(219): warning:  #191-D: type qualifier is meaningless on cast type
        return _MAV_RETURN_uint8_t(msg,  0);
..\Inc\mavlink/common/./mavlink_msg_change_operator_control_ack.h(229): warning:  #191-D: type qualifier is meaningless on cast type
        return _MAV_RETURN_uint8_t(msg,  1);
..\Inc\mavlink/common/./mavlink_msg_change_operator_control_ack.h(239): warning:  #191-D: type qualifier is meaningless on cast type
        return _MAV_RETURN_uint8_t(msg,  2);
..\Inc\mavlink/common/./mavlink_msg_set_mode.h(219): warning:  #191-D: type qualifier is meaningless on cast type
        return _MAV_RETURN_uint8_t(msg,  4);
..\Inc\mavlink/common/./mavlink_msg_set_mode.h(229): warning:  #191-D: type qualifier is meaningless on cast type
        return _MAV_RETURN_uint8_t(msg,  5);
..\Inc\mavlink/common/./mavlink_msg_param_request_read.h(224): warning:  #191-D: type qualifier is meaningless on cast type
        return _MAV_RETURN_uint8_t(msg,  2);
..\Inc\mavlink/common/./mavlink_msg_param_request_read.h(234): warning:  #191-D: type qualifier is meaningless on cast type
        return _MAV_RETURN_uint8_t(msg,  3);
..\Inc\mavlink/common/./mavlink_msg_param_request_list.h(206): warning:  #191-D: type qualifier is meaningless on cast type
        return _MAV_RETURN_uint8_t(msg,  0);
..\Inc\mavlink/common/./mavlink_msg_param_request_list.h(216): warning:  #191-D: type qualifier is meaningless on cast type
        return _MAV_RETURN_uint8_t(msg,  1);
..\Inc\mavlink/common/./mavlink_msg_param_value.h(257): warning:  #191-D: type qualifier is meaningless on cast type
        return _MAV_RETURN_uint8_t(msg,  24);
..\Inc\mavlink/common/./mavlink_msg_param_set.h(237): warning:  #191-D: type qualifier is meaningless on cast type
        return _MAV_RETURN_uint8_t(msg,  4);
..\Inc\mavlink/common/./mavlink_msg_param_set.h(247): warning:  #191-D: type qualifier is meaningless on cast type
        return _MAV_RETURN_uint8_t(msg,  5);
..\Inc\mavlink/common/./mavlink_msg_param_set.h(277): warning:  #191-D: type qualifier is meaningless on cast type
        return _MAV_RETURN_uint8_t(msg,  22);
..\Inc\mavlink/common/./mavlink_msg_gps_raw_int.h(320): warning:  #191-D: type qualifier is meaningless on cast type
        return _MAV_RETURN_uint8_t(msg,  28);
..\Inc\mavlink/common/./mavlink_msg_gps_raw_int.h(400): warning:  #191-D: type qualifier is meaningless on cast type
        return _MAV_RETURN_uint8_t(msg,  29);
..\Inc\mavlink/common/./mavlink_msg_gps_status.h(254): warning:  #191-D: type qualifier is meaningless on cast type
        return _MAV_RETURN_uint8_t(msg,  0);
..\Inc\mavlink/common/./mavlink_msg_rc_channels_scaled.h(333): warning:  #191-D: type qualifier is meaningless on cast type
        return _MAV_RETURN_uint8_t(msg,  20);
..\Inc\mavlink/common/./mavlink_msg_rc_channels_scaled.h(423): warning:  #191-D: type qualifier is meaningless on cast type
        return _MAV_RETURN_uint8_t(msg,  21);
..\Inc\mavlink/common/./mavlink_msg_rc_channels_raw.h(333): warning:  #191-D: type qualifier is meaningless on cast type
        return _MAV_RETURN_uint8_t(msg,  20);
..\Inc\mavlink/common/./mavlink_msg_rc_channels_raw.h(423): warning:  #191-D: type qualifier is meaningless on cast type
        return _MAV_RETURN_uint8_t(msg,  21);
..\Inc\mavlink/common/./mavlink_msg_servo_output_raw.h(320): warning:  #191-D: type qualifier is meaningless on cast type
        return _MAV_RETURN_uint8_t(msg,  20);
..\Inc\mavlink/common/./mavlink_msg_mission_request_partial_list.h(232): warning:  #191-D: type qualifier is meaningless on cast type
        return _MAV_RETURN_uint8_t(msg,  4);
..\Inc\mavlink/common/./mavlink_msg_mission_request_partial_list.h(242): warning:  #191-D: type qualifier is meaningless on cast type
        return _MAV_RETURN_uint8_t(msg,  5);
..\Inc\mavlink/common/./mavlink_msg_mission_write_partial_list.h(232): warning:  #191-D: type qualifier is meaningless on cast type
        return _MAV_RETURN_uint8_t(msg,  4);
..\Inc\mavlink/common/./mavlink_msg_mission_write_partial_list.h(242): warning:  #191-D: type qualifier is meaningless on cast type
        return _MAV_RETURN_uint8_t(msg,  5);
..\Inc\mavlink/common/./mavlink_msg_mission_item.h(362): warning:  #191-D: type qualifier is meaningless on cast type
        return _MAV_RETURN_uint8_t(msg,  32);
..\Inc\mavlink/common/./mavlink_msg_mission_item.h(372): warning:  #191-D: type qualifier is meaningless on cast type
        return _MAV_RETURN_uint8_t(msg,  33);
..\Inc\mavlink/common/./mavlink_msg_mission_item.h(392): warning:  #191-D: type qualifier is meaningless on cast type
        return _MAV_RETURN_uint8_t(msg,  34);
..\Inc\mavlink/common/./mavlink_msg_mission_item.h(412): warning:  #191-D: type qualifier is meaningless on cast type
        return _MAV_RETURN_uint8_t(msg,  35);
..\Inc\mavlink/common/./mavlink_msg_mission_item.h(422): warning:  #191-D: type qualifier is meaningless on cast type
        return _MAV_RETURN_uint8_t(msg,  36);
..\Inc\mavlink/common/./mavlink_msg_mission_request.h(219): warning:  #191-D: type qualifier is meaningless on cast type
        return _MAV_RETURN_uint8_t(msg,  2);
..\Inc\mavlink/common/./mavlink_msg_mission_request.h(229): warning:  #191-D: type qualifier is meaningless on cast type
        return _MAV_RETURN_uint8_t(msg,  3);
..\Inc\mavlink/common/./mavlink_msg_mission_set_current.h(219): warning:  #191-D: type qualifier is meaningless on cast type
        return _MAV_RETURN_uint8_t(msg,  2);
..\Inc\mavlink/common/./mavlink_msg_mission_set_current.h(229): warning:  #191-D: type qualifier is meaningless on cast type
        return _MAV_RETURN_uint8_t(msg,  3);
..\Inc\mavlink/common/./mavlink_msg_mission_request_list.h(206): warning:  #191-D: type qualifier is meaningless on cast type
        return _MAV_RETURN_uint8_t(msg,  0);
..\Inc\mavlink/common/./mavlink_msg_mission_request_list.h(216): warning:  #191-D: type qualifier is meaningless on cast type
        return _MAV_RETURN_uint8_t(msg,  1);
..\Inc\mavlink/common/./mavlink_msg_mission_count.h(219): warning:  #191-D: type qualifier is meaningless on cast type
        return _MAV_RETURN_uint8_t(msg,  2);
..\Inc\mavlink/common/./mavlink_msg_mission_count.h(229): warning:  #191-D: type qualifier is meaningless on cast type
        return _MAV_RETURN_uint8_t(msg,  3);
..\Inc\mavlink/common/./mavlink_msg_mission_clear_all.h(206): warning:  #191-D: type qualifier is meaningless on cast type
        return _MAV_RETURN_uint8_t(msg,  0);
..\Inc\mavlink/common/./mavlink_msg_mission_clear_all.h(216): warning:  #191-D: type qualifier is meaningless on cast type
        return _MAV_RETURN_uint8_t(msg,  1);
..\Inc\mavlink/common/./mavlink_msg_mission_ack.h(219): warning:  #191-D: type qualifier is meaningless on cast type
        return _MAV_RETURN_uint8_t(msg,  0);
..\Inc\mavlink/common/./mavlink_msg_mission_ack.h(229): warning:  #191-D: type qualifier is meaningless on cast type
        return _MAV_RETURN_uint8_t(msg,  1);
..\Inc\mavlink/common/./mavlink_msg_mission_ack.h(239): warning:  #191-D: type qualifier is meaningless on cast type
        return _MAV_RETURN_uint8_t(msg,  2);
..\Inc\mavlink/common/./mavlink_msg_set_gps_global_origin.h(232): warning:  #191-D: type qualifier is meaningless on cast type
        return _MAV_RETURN_uint8_t(msg,  12);
..\Inc\mavlink/common/./mavlink_msg_param_map_rc.h(289): warning:  #191-D: type qualifier is meaningless on cast type
        return _MAV_RETURN_uint8_t(msg,  18);
..\Inc\mavlink/common/./mavlink_msg_param_map_rc.h(299): warning:  #191-D: type qualifier is meaningless on cast type
        return _MAV_RETURN_uint8_t(msg,  19);
..\Inc\mavlink/common/./mavlink_msg_param_map_rc.h(329): warning:  #191-D: type qualifier is meaningless on cast type
        return _MAV_RETURN_uint8_t(msg,  36);
..\Inc\mavlink/common/./mavlink_msg_safety_set_allowed_area.h(297): warning:  #191-D: type qualifier is meaningless on cast type
        return _MAV_RETURN_uint8_t(msg,  24);
..\Inc\mavlink/common/./mavlink_msg_safety_set_allowed_area.h(307): warning:  #191-D: type qualifier is meaningless on cast type
        return _MAV_RETURN_uint8_t(msg,  25);
..\Inc\mavlink/common/./mavlink_msg_safety_set_allowed_area.h(317): warning:  #191-D: type qualifier is meaningless on cast type
        return _MAV_RETURN_uint8_t(msg,  26);
..\Inc\mavlink/common/./mavlink_msg_safety_allowed_area.h(271): warning:  #191-D: type qualifier is meaningless on cast type
        return _MAV_RETURN_uint8_t(msg,  24);
..\Inc\mavlink/common/./mavlink_msg_global_position_int_cov.h(335): warning:  #191-D: type qualifier is meaningless on cast type
        return _MAV_RETURN_uint8_t(msg,  184);
..\Inc\mavlink/common/./mavlink_msg_local_position_ned_cov.h(361): warning:  #191-D: type qualifier is meaningless on cast type
        return _MAV_RETURN_uint8_t(msg,  228);
..\Inc\mavlink/common/./mavlink_msg_rc_channels.h(463): warning:  #191-D: type qualifier is meaningless on cast type
        return _MAV_RETURN_uint8_t(msg,  40);
..\Inc\mavlink/common/./mavlink_msg_rc_channels.h(653): warning:  #191-D: type qualifier is meaningless on cast type
        return _MAV_RETURN_uint8_t(msg,  41);
..\Inc\mavlink/common/./mavlink_msg_request_data_stream.h(245): warning:  #191-D: type qualifier is meaningless on cast type
        return _MAV_RETURN_uint8_t(msg,  2);
..\Inc\mavlink/common/./mavlink_msg_request_data_stream.h(255): warning:  #191-D: type qualifier is meaningless on cast type
        return _MAV_RETURN_uint8_t(msg,  3);
..\Inc\mavlink/common/./mavlink_msg_request_data_stream.h(265): warning:  #191-D: type qualifier is meaningless on cast type
        return _MAV_RETURN_uint8_t(msg,  4);
..\Inc\mavlink/common/./mavlink_msg_request_data_stream.h(285): warning:  #191-D: type qualifier is meaningless on cast type
        return _MAV_RETURN_uint8_t(msg,  5);
..\Inc\mavlink/common/./mavlink_msg_data_stream.h(219): warning:  #191-D: type qualifier is meaningless on cast type
        return _MAV_RETURN_uint8_t(msg,  2);
..\Inc\mavlink/common/./mavlink_msg_data_stream.h(239): warning:  #191-D: type qualifier is meaningless on cast type
        return _MAV_RETURN_uint8_t(msg,  3);
..\Inc\mavlink/common/./mavlink_msg_manual_control.h(258): warning:  #191-D: type qualifier is meaningless on cast type
        return _MAV_RETURN_uint8_t(msg,  10);
..\Inc\mavlink/common/./mavlink_msg_rc_channels_override.h(310): warning:  #191-D: type qualifier is meaningless on cast type
        return _MAV_RETURN_uint8_t(msg,  16);
..\Inc\mavlink/common/./mavlink_msg_rc_channels_override.h(320): warning:  #191-D: type qualifier is meaningless on cast type
        return _MAV_RETURN_uint8_t(msg,  17);
..\Inc\mavlink/common/./mavlink_msg_mission_item_int.h(362): warning:  #191-D: type qualifier is meaningless on cast type
        return _MAV_RETURN_uint8_t(msg,  32);
..\Inc\mavlink/common/./mavlink_msg_mission_item_int.h(372): warning:  #191-D: type qualifier is meaningless on cast type
        return _MAV_RETURN_uint8_t(msg,  33);
..\Inc\mavlink/common/./mavlink_msg_mission_item_int.h(392): warning:  #191-D: type qualifier is meaningless on cast type
        return _MAV_RETURN_uint8_t(msg,  34);
..\Inc\mavlink/common/./mavlink_msg_mission_item_int.h(412): warning:  #191-D: type qualifier is meaningless on cast type
        return _MAV_RETURN_uint8_t(msg,  35);
..\Inc\mavlink/common/./mavlink_msg_mission_item_int.h(422): warning:  #191-D: type qualifier is meaningless on cast type
        return _MAV_RETURN_uint8_t(msg,  36);
..\Inc\mavlink/common/./mavlink_msg_command_int.h(349): warning:  #191-D: type qualifier is meaningless on cast type
        return _MAV_RETURN_uint8_t(msg,  30);
..\Inc\mavlink/common/./mavlink_msg_command_int.h(359): warning:  #191-D: type qualifier is meaningless on cast type
        return _MAV_RETURN_uint8_t(msg,  31);
..\Inc\mavlink/common/./mavlink_msg_command_int.h(369): warning:  #191-D: type qualifier is meaningless on cast type
        return _MAV_RETURN_uint8_t(msg,  32);
..\Inc\mavlink/common/./mavlink_msg_command_int.h(389): warning:  #191-D: type qualifier is meaningless on cast type
        return _MAV_RETURN_uint8_t(msg,  33);
..\Inc\mavlink/common/./mavlink_msg_command_int.h(399): warning:  #191-D: type qualifier is meaningless on cast type
        return _MAV_RETURN_uint8_t(msg,  34);
..\Inc\mavlink/common/./mavlink_msg_command_long.h(323): warning:  #191-D: type qualifier is meaningless on cast type
        return _MAV_RETURN_uint8_t(msg,  30);
..\Inc\mavlink/common/./mavlink_msg_command_long.h(333): warning:  #191-D: type qualifier is meaningless on cast type
        return _MAV_RETURN_uint8_t(msg,  31);
..\Inc\mavlink/common/./mavlink_msg_command_long.h(353): warning:  #191-D: type qualifier is meaningless on cast type
        return _MAV_RETURN_uint8_t(msg,  32);
..\Inc\mavlink/common/./mavlink_msg_command_ack.h(216): warning:  #191-D: type qualifier is meaningless on cast type
        return _MAV_RETURN_uint8_t(msg,  2);
..\Inc\mavlink/common/./mavlink_msg_manual_setpoint.h(321): warning:  #191-D: type qualifier is meaningless on cast type
        return _MAV_RETURN_uint8_t(msg,  20);
..\Inc\mavlink/common/./mavlink_msg_manual_setpoint.h(331): warning:  #191-D: type qualifier is meaningless on cast type
        return _MAV_RETURN_uint8_t(msg,  21);
..\Inc\mavlink/common/./mavlink_msg_set_attitude_target.h(299): warning:  #191-D: type qualifier is meaningless on cast type
        return _MAV_RETURN_uint8_t(msg,  36);
..\Inc\mavlink/common/./mavlink_msg_set_attitude_target.h(309): warning:  #191-D: type qualifier is meaningless on cast type
        return _MAV_RETURN_uint8_t(msg,  37);
..\Inc\mavlink/common/./mavlink_msg_set_attitude_target.h(319): warning:  #191-D: type qualifier is meaningless on cast type
        return _MAV_RETURN_uint8_t(msg,  38);
..\Inc\mavlink/common/./mavlink_msg_attitude_target.h(273): warning:  #191-D: type qualifier is meaningless on cast type
        return _MAV_RETURN_uint8_t(msg,  36);
..\Inc\mavlink/common/./mavlink_msg_set_position_target_local_ned.h(398): warning:  #191-D: type qualifier is meaningless on cast type
        return _MAV_RETURN_uint8_t(msg,  50);
..\Inc\mavlink/common/./mavlink_msg_set_position_target_local_ned.h(408): warning:  #191-D: type qualifier is meaningless on cast type
        return _MAV_RETURN_uint8_t(msg,  51);
..\Inc\mavlink/common/./mavlink_msg_set_position_target_local_ned.h(418): warning:  #191-D: type qualifier is meaningless on cast type
        return _MAV_RETURN_uint8_t(msg,  52);
..\Inc\mavlink/common/./mavlink_msg_position_target_local_ned.h(372): warning:  #191-D: type qualifier is meaningless on cast type
        return _MAV_RETURN_uint8_t(msg,  50);
..\Inc\mavlink/common/./mavlink_msg_set_position_target_global_int.h(398): warning:  #191-D: type qualifier is meaningless on cast type
        return _MAV_RETURN_uint8_t(msg,  50);
..\Inc\mavlink/common/./mavlink_msg_set_position_target_global_int.h(408): warning:  #191-D: type qualifier is meaningless on cast type
        return _MAV_RETURN_uint8_t(msg,  51);
..\Inc\mavlink/common/./mavlink_msg_set_position_target_global_int.h(418): warning:  #191-D: type qualifier is meaningless on cast type
        return _MAV_RETURN_uint8_t(msg,  52);
..\Inc\mavlink/common/./mavlink_msg_position_target_global_int.h(372): warning:  #191-D: type qualifier is meaningless on cast type
        return _MAV_RETURN_uint8_t(msg,  50);
..\Inc\mavlink/common/./mavlink_msg_hil_controls.h(413): warning:  #191-D: type qualifier is meaningless on cast type
        return _MAV_RETURN_uint8_t(msg,  40);
..\Inc\mavlink/common/./mavlink_msg_hil_controls.h(423): warning:  #191-D: type qualifier is meaningless on cast type
        return _MAV_RETURN_uint8_t(msg,  41);
..\Inc\mavlink/common/./mavlink_msg_hil_rc_inputs_raw.h(492): warning:  #191-D: type qualifier is meaningless on cast type
        return _MAV_RETURN_uint8_t(msg,  32);
..\Inc\mavlink/common/./mavlink_msg_optical_flow.h(294): warning:  #191-D: type qualifier is meaningless on cast type
        return _MAV_RETURN_uint8_t(msg,  24);
..\Inc\mavlink/common/./mavlink_msg_optical_flow.h(344): warning:  #191-D: type qualifier is meaningless on cast type
        return _MAV_RETURN_uint8_t(msg,  25);
..\Inc\mavlink/common/./mavlink_msg_optical_flow_rad.h(346): warning:  #191-D: type qualifier is meaningless on cast type
        return _MAV_RETURN_uint8_t(msg,  42);
..\Inc\mavlink/common/./mavlink_msg_optical_flow_rad.h(426): warning:  #191-D: type qualifier is meaningless on cast type
        return _MAV_RETURN_uint8_t(msg,  43);
..\Inc\mavlink/common/./mavlink_msg_radio_status.h(271): warning:  #191-D: type qualifier is meaningless on cast type
        return _MAV_RETURN_uint8_t(msg,  4);
..\Inc\mavlink/common/./mavlink_msg_radio_status.h(281): warning:  #191-D: type qualifier is meaningless on cast type
        return _MAV_RETURN_uint8_t(msg,  5);
..\Inc\mavlink/common/./mavlink_msg_radio_status.h(291): warning:  #191-D: type qualifier is meaningless on cast type
        return _MAV_RETURN_uint8_t(msg,  6);
..\Inc\mavlink/common/./mavlink_msg_radio_status.h(301): warning:  #191-D: type qualifier is meaningless on cast type
        return _MAV_RETURN_uint8_t(msg,  7);
..\Inc\mavlink/common/./mavlink_msg_radio_status.h(311): warning:  #191-D: type qualifier is meaningless on cast type
        return _MAV_RETURN_uint8_t(msg,  8);
..\Inc\mavlink/common/./mavlink_msg_file_transfer_protocol.h(224): warning:  #191-D: type qualifier is meaningless on cast type
        return _MAV_RETURN_uint8_t(msg,  0);
..\Inc\mavlink/common/./mavlink_msg_file_transfer_protocol.h(234): warning:  #191-D: type qualifier is meaningless on cast type
        return _MAV_RETURN_uint8_t(msg,  1);
..\Inc\mavlink/common/./mavlink_msg_file_transfer_protocol.h(244): warning:  #191-D: type qualifier is meaningless on cast type
        return _MAV_RETURN_uint8_t(msg,  2);
..\Inc\mavlink/common/./mavlink_msg_hil_gps.h(359): warning:  #191-D: type qualifier is meaningless on cast type
        return _MAV_RETURN_uint8_t(msg,  34);
..\Inc\mavlink/common/./mavlink_msg_hil_gps.h(469): warning:  #191-D: type qualifier is meaningless on cast type
        return _MAV_RETURN_uint8_t(msg,  35);
..\Inc\mavlink/common/./mavlink_msg_hil_optical_flow.h(346): warning:  #191-D: type qualifier is meaningless on cast type
        return _MAV_RETURN_uint8_t(msg,  42);
..\Inc\mavlink/common/./mavlink_msg_hil_optical_flow.h(426): warning:  #191-D: type qualifier is meaningless on cast type
        return _MAV_RETURN_uint8_t(msg,  43);
..\Inc\mavlink/common/./mavlink_msg_log_request_list.h(232): warning:  #191-D: type qualifier is meaningless on cast type
        return _MAV_RETURN_uint8_t(msg,  4);
..\Inc\mavlink/common/./mavlink_msg_log_request_list.h(242): warning:  #191-D: type qualifier is meaningless on cast type
        return _MAV_RETURN_uint8_t(msg,  5);
..\Inc\mavlink/common/./mavlink_msg_log_request_data.h(245): warning:  #191-D: type qualifier is meaningless on cast type
        return _MAV_RETURN_uint8_t(msg,  10);
..\Inc\mavlink/common/./mavlink_msg_log_request_data.h(255): warning:  #191-D: type qualifier is meaningless on cast type
        return _MAV_RETURN_uint8_t(msg,  11);
..\Inc\mavlink/common/./mavlink_msg_log_data.h(244): warning:  #191-D: type qualifier is meaningless on cast type
        return _MAV_RETURN_uint8_t(msg,  6);
..\Inc\mavlink/common/./mavlink_msg_log_erase.h(206): warning:  #191-D: type qualifier is meaningless on cast type
        return _MAV_RETURN_uint8_t(msg,  0);
..\Inc\mavlink/common/./mavlink_msg_log_erase.h(216): warning:  #191-D: type qualifier is meaningless on cast type
        return _MAV_RETURN_uint8_t(msg,  1);
..\Inc\mavlink/common/./mavlink_msg_log_request_end.h(206): warning:  #191-D: type qualifier is meaningless on cast type
        return _MAV_RETURN_uint8_t(msg,  0);
..\Inc\mavlink/common/./mavlink_msg_log_request_end.h(216): warning:  #191-D: type qualifier is meaningless on cast type
        return _MAV_RETURN_uint8_t(msg,  1);
..\Inc\mavlink/common/./mavlink_msg_gps_inject_data.h(224): warning:  #191-D: type qualifier is meaningless on cast type
        return _MAV_RETURN_uint8_t(msg,  0);
..\Inc\mavlink/common/./mavlink_msg_gps_inject_data.h(234): warning:  #191-D: type qualifier is meaningless on cast type
        return _MAV_RETURN_uint8_t(msg,  1);
..\Inc\mavlink/common/./mavlink_msg_gps_inject_data.h(244): warning:  #191-D: type qualifier is meaningless on cast type
        return _MAV_RETURN_uint8_t(msg,  2);
..\Inc\mavlink/common/./mavlink_msg_gps2_raw.h(346): warning:  #191-D: type qualifier is meaningless on cast type
        return _MAV_RETURN_uint8_t(msg,  32);
..\Inc\mavlink/common/./mavlink_msg_gps2_raw.h(426): warning:  #191-D: type qualifier is meaningless on cast type
        return _MAV_RETURN_uint8_t(msg,  33);
..\Inc\mavlink/common/./mavlink_msg_gps2_raw.h(436): warning:  #191-D: type qualifier is meaningless on cast type
        return _MAV_RETURN_uint8_t(msg,  34);
..\Inc\mavlink/common/./mavlink_msg_serial_control.h(250): warning:  #191-D: type qualifier is meaningless on cast type
        return _MAV_RETURN_uint8_t(msg,  6);
..\Inc\mavlink/common/./mavlink_msg_serial_control.h(260): warning:  #191-D: type qualifier is meaningless on cast type
        return _MAV_RETURN_uint8_t(msg,  7);
..\Inc\mavlink/common/./mavlink_msg_serial_control.h(290): warning:  #191-D: type qualifier is meaningless on cast type
        return _MAV_RETURN_uint8_t(msg,  8);
..\Inc\mavlink/common/./mavlink_msg_gps_rtk.h(359): warning:  #191-D: type qualifier is meaningless on cast type
        return _MAV_RETURN_uint8_t(msg,  30);
..\Inc\mavlink/common/./mavlink_msg_gps_rtk.h(389): warning:  #191-D: type qualifier is meaningless on cast type
        return _MAV_RETURN_uint8_t(msg,  31);
..\Inc\mavlink/common/./mavlink_msg_gps_rtk.h(399): warning:  #191-D: type qualifier is meaningless on cast type
        return _MAV_RETURN_uint8_t(msg,  32);
..\Inc\mavlink/common/./mavlink_msg_gps_rtk.h(409): warning:  #191-D: type qualifier is meaningless on cast type
        return _MAV_RETURN_uint8_t(msg,  33);
..\Inc\mavlink/common/./mavlink_msg_gps_rtk.h(419): warning:  #191-D: type qualifier is meaningless on cast type
        return _MAV_RETURN_uint8_t(msg,  34);
..\Inc\mavlink/common/./mavlink_msg_gps2_rtk.h(359): warning:  #191-D: type qualifier is meaningless on cast type
        return _MAV_RETURN_uint8_t(msg,  30);
..\Inc\mavlink/common/./mavlink_msg_gps2_rtk.h(389): warning:  #191-D: type qualifier is meaningless on cast type
        return _MAV_RETURN_uint8_t(msg,  31);
..\Inc\mavlink/common/./mavlink_msg_gps2_rtk.h(399): warning:  #191-D: type qualifier is meaningless on cast type
        return _MAV_RETURN_uint8_t(msg,  32);
..\Inc\mavlink/common/./mavlink_msg_gps2_rtk.h(409): warning:  #191-D: type qualifier is meaningless on cast type
        return _MAV_RETURN_uint8_t(msg,  33);
..\Inc\mavlink/common/./mavlink_msg_gps2_rtk.h(419): warning:  #191-D: type qualifier is meaningless on cast type
        return _MAV_RETURN_uint8_t(msg,  34);
..\Inc\mavlink/common/./mavlink_msg_data_transmission_handshake.h(271): warning:  #191-D: type qualifier is meaningless on cast type
        return _MAV_RETURN_uint8_t(msg,  10);
..\Inc\mavlink/common/./mavlink_msg_data_transmission_handshake.h(321): warning:  #191-D: type qualifier is meaningless on cast type
        return _MAV_RETURN_uint8_t(msg,  11);
..\Inc\mavlink/common/./mavlink_msg_data_transmission_handshake.h(331): warning:  #191-D: type qualifier is meaningless on cast type
        return _MAV_RETURN_uint8_t(msg,  12);
..\Inc\mavlink/common/./mavlink_msg_distance_sensor.h(324): warning:  #191-D: type qualifier is meaningless on cast type
        return _MAV_RETURN_uint8_t(msg,  10);
..\Inc\mavlink/common/./mavlink_msg_distance_sensor.h(334): warning:  #191-D: type qualifier is meaningless on cast type
        return _MAV_RETURN_uint8_t(msg,  11);
..\Inc\mavlink/common/./mavlink_msg_distance_sensor.h(344): warning:  #191-D: type qualifier is meaningless on cast type
        return _MAV_RETURN_uint8_t(msg,  12);
..\Inc\mavlink/common/./mavlink_msg_distance_sensor.h(354): warning:  #191-D: type qualifier is meaningless on cast type
        return _MAV_RETURN_uint8_t(msg,  13);
..\Inc\mavlink/common/./mavlink_msg_terrain_data.h(267): warning:  #191-D: type qualifier is meaningless on cast type
        return _MAV_RETURN_uint8_t(msg,  42);
..\Inc\mavlink/common/./mavlink_msg_set_actuator_control_target.h(247): warning:  #191-D: type qualifier is meaningless on cast type
        return _MAV_RETURN_uint8_t(msg,  40);
..\Inc\mavlink/common/./mavlink_msg_set_actuator_control_target.h(257): warning:  #191-D: type qualifier is meaningless on cast type
        return _MAV_RETURN_uint8_t(msg,  41);
..\Inc\mavlink/common/./mavlink_msg_set_actuator_control_target.h(267): warning:  #191-D: type qualifier is meaningless on cast type
        return _MAV_RETURN_uint8_t(msg,  42);
..\Inc\mavlink/common/./mavlink_msg_actuator_control_target.h(221): warning:  #191-D: type qualifier is meaningless on cast type
        return _MAV_RETURN_uint8_t(msg,  40);
..\Inc\mavlink/common/./mavlink_msg_resource_request.h(238): warning:  #191-D: type qualifier is meaningless on cast type
        return _MAV_RETURN_uint8_t(msg,  0);
..\Inc\mavlink/common/./mavlink_msg_resource_request.h(248): warning:  #191-D: type qualifier is meaningless on cast type
        return _MAV_RETURN_uint8_t(msg,  1);
..\Inc\mavlink/common/./mavlink_msg_resource_request.h(268): warning:  #191-D: type qualifier is meaningless on cast type
        return _MAV_RETURN_uint8_t(msg,  122);
..\Inc\mavlink/common/./mavlink_msg_battery_status.h(289): warning:  #191-D: type qualifier is meaningless on cast type
        return _MAV_RETURN_uint8_t(msg,  32);
..\Inc\mavlink/common/./mavlink_msg_battery_status.h(299): warning:  #191-D: type qualifier is meaningless on cast type
        return _MAV_RETURN_uint8_t(msg,  33);
..\Inc\mavlink/common/./mavlink_msg_battery_status.h(309): warning:  #191-D: type qualifier is meaningless on cast type
        return _MAV_RETURN_uint8_t(msg,  34);
..\Inc\mavlink/common/./mavlink_msg_battery_status.h(369): warning:  #191-D: type qualifier is meaningless on cast type
        return _MAV_RETURN_int8_t(msg,  35);
..\Inc\mavlink/common/./mavlink_msg_landing_target.h(294): warning:  #191-D: type qualifier is meaningless on cast type
        return _MAV_RETURN_uint8_t(msg,  28);
..\Inc\mavlink/common/./mavlink_msg_landing_target.h(304): warning:  #191-D: type qualifier is meaningless on cast type
        return _MAV_RETURN_uint8_t(msg,  29);
..\Inc\mavlink/common/./mavlink_msg_set_home_position.h(315): warning:  #191-D: type qualifier is meaningless on cast type
        return _MAV_RETURN_uint8_t(msg,  52);
..\Inc\mavlink/common/./mavlink_msg_extended_sys_state.h(206): warning:  #191-D: type qualifier is meaningless on cast type
        return _MAV_RETURN_uint8_t(msg,  0);
..\Inc\mavlink/common/./mavlink_msg_extended_sys_state.h(216): warning:  #191-D: type qualifier is meaningless on cast type
        return _MAV_RETURN_uint8_t(msg,  1);
..\Inc\mavlink/common/./mavlink_msg_adsb_vehicle.h(371): warning:  #191-D: type qualifier is meaningless on cast type
        return _MAV_RETURN_uint8_t(msg,  26);
..\Inc\mavlink/common/./mavlink_msg_adsb_vehicle.h(431): warning:  #191-D: type qualifier is meaningless on cast type
        return _MAV_RETURN_uint8_t(msg,  36);
..\Inc\mavlink/common/./mavlink_msg_adsb_vehicle.h(441): warning:  #191-D: type qualifier is meaningless on cast type
        return _MAV_RETURN_uint8_t(msg,  37);
..\Inc\mavlink/common/./mavlink_msg_v2_extension.h(237): warning:  #191-D: type qualifier is meaningless on cast type
        return _MAV_RETURN_uint8_t(msg,  2);
..\Inc\mavlink/common/./mavlink_msg_v2_extension.h(247): warning:  #191-D: type qualifier is meaningless on cast type
        return _MAV_RETURN_uint8_t(msg,  3);
..\Inc\mavlink/common/./mavlink_msg_v2_extension.h(257): warning:  #191-D: type qualifier is meaningless on cast type
        return _MAV_RETURN_uint8_t(msg,  4);
..\Inc\mavlink/common/./mavlink_msg_memory_vect.h(234): warning:  #191-D: type qualifier is meaningless on cast type
        return _MAV_RETURN_uint8_t(msg,  2);
..\Inc\mavlink/common/./mavlink_msg_memory_vect.h(244): warning:  #191-D: type qualifier is meaningless on cast type
        return _MAV_RETURN_uint8_t(msg,  3);
..\Inc\mavlink/common/./mavlink_msg_statustext.h(198): warning:  #191-D: type qualifier is meaningless on cast type
        return _MAV_RETURN_uint8_t(msg,  0);
..\Inc\mavlink/common/./mavlink_msg_debug.h(229): warning:  #191-D: type qualifier is meaningless on cast type
        return _MAV_RETURN_uint8_t(msg,  8);
..\Inc\main.h(34): warning:  #1295-D: Deprecated declaration SBUS_Packet_ground_mode - give arg types
  void SBUS_Packet_ground_mode() ; 
..\Inc\main.h(35): warning:  #1295-D: Deprecated declaration SBUS_Packet_fly_mode - give arg types
  void SBUS_Packet_fly_mode() ;
..\Inc\main.h(36): warning:  #1295-D: Deprecated declaration read_srf02 - give arg types
  void  read_srf02();
..\Inc\par_optical.h(76): warning:  #1295-D: Deprecated declaration optical_kalman_init - give arg types
  void optical_kalman_init();
..\Inc\par_optical.h(79): warning:  #1-D: last line of file ends without a newline
  #endif
..\Src\Control.c(651): warning:  #1035-D: single-precision operand implicitly converted to double-precision
                Velocity.Y.Kp=Velocity.Y.Kp_save/1.5 ;
..\Src\Control.c(652): warning:  #1035-D: single-precision operand implicitly converted to double-precision
          Velocity.X.Kp=Velocity.X.Kp_save/1.5 ;
..\Src\Control.c(653): warning:  #1035-D: single-precision operand implicitly converted to double-precision
                Velocity.Y.Kd=Velocity.Y.Kd_save/1.5 ;
..\Src\Control.c(654): warning:  #1035-D: single-precision operand implicitly converted to double-precision
          Velocity.X.Kd=Velocity.X.Kd_save/1.5 ;}
..\Src\Control.c(879): warning:  #1-D: last line of file ends without a newline
  }
..\Src\Control.c: 195 warnings, 0 errors
linking...
Program Size: Code=37516 RO-data=1068 RW-data=200 ZI-data=8688  
FromELF: creating hex file...
"1 Configuration\1 Configuration.axf" - 0 Error(s), 195 Warning(s).

<h2>Collection of Component include folders:</h2>
  E:\robotic\quade mah\project files\summer_2016\IMAV V2\MDK-ARM\RTE
  C:\Keil_v5\ARM\PACK\Keil\STM32F4xx_DFP\2.3.0\Drivers\CMSIS\Device\ST\STM32F4xx\Include

<h2>Collection of Component Files used:</h2>
</pre>
</body>
</html>
